PHASE DESIGN_AND_CONTRACT
PHASE GENERATE_DEGREE8_ADJOINT_WITNESS
HEARTBEAT GENERATE_DEGREE8_ADJOINT_WITNESS {"function": "proposal", "n": 0, "backward_fast_steps_generated": 75999}
PROPOSAL 76000 steps
PHASE CERTIFY_RECURSIONS_ABEl_AND_SUPERSOLUTIONS
VERIFIED DEGREE 0 max defect 2.2839955657931867e-15
HEARTBEAT CERTIFY_RECURSIONS_ABEl_AND_SUPERSOLUTIONS {"function": "verify_recursions", "n": 25065, "degree": 1}
VERIFIED DEGREE 1 max defect 1.9523691091011632e-17
VERIFIED DEGREE 2 max defect 2.0105779378028454e-19
HEARTBEAT CERTIFY_RECURSIONS_ABEl_AND_SUPERSOLUTIONS {"function": "verify_recursions", "n": 60970, "degree": 3}
VERIFIED DEGREE 3 max defect 4.957622081871336e-21
VERIFIED DEGREE 4 max defect 8.398209118269755e-23
HEARTBEAT CERTIFY_RECURSIONS_ABEl_AND_SUPERSOLUTIONS {"function": "verify_recursions", "n": 39073, "degree": 5}
VERIFIED DEGREE 5 max defect 1.6735851451774493e-24
HEARTBEAT CERTIFY_RECURSIONS_ABEl_AND_SUPERSOLUTIONS {"function": "verify_recursions", "n": 52034, "degree": 6}
VERIFIED DEGREE 6 max defect 4.7224976659632555e-26
HEARTBEAT CERTIFY_RECURSIONS_ABEl_AND_SUPERSOLUTIONS {"function": "verify_recursions", "n": 56708, "degree": 7}
VERIFIED DEGREE 7 max defect 1.392272339725812e-27
HEARTBEAT CERTIFY_RECURSIONS_ABEl_AND_SUPERSOLUTIONS {"function": "verify_recursions", "n": 56937, "degree": 8}
VERIFIED DEGREE 8 max defect 1.5269385503149583e-27
RESULT PASS variance 0.01811010635738623 0.01813133002296786 ratio 0.999412958982965 1.0005871321963125 Es 0.8749334802371249 J/S0 0.0004084843782463157
PHASE UNIFORM_MEAN_AND_EVENT_RISK
PHASE COMPLETE
{"case": "D2A_H300_FIXED76_POINT_LAST_FAST_READ", "status": "VALID_UNIFORM_CERTIFICATE_TARGET_NOT_MET", "arithmetic_risk_target_status": "VALID_UNIFORM_CERTIFICATE_TARGET_NOT_MET", "failure": ["RISK_TARGET_NOT_MET"], "variance_lower": 0.01811010635738623, "variance_upper": 0.01813133002296786, "variance_ratio_upper": 1.0005871321963125, "mean_H0_upper": 0.049301087426772486, "mean_H1_lower": 0.12127963686785197, "dynamic_loss": 0.013153306922305374, "error_per_side": 0.033785650550730274, "gap": -0.41638221178925067, "power_lower": 0.0, "false_alarm_upper": 0.0009671226213601976, "event": 5.009659568086601e-11, "elapsed_wall_seconds": 228.60575839999728}
