PHASE DESIGN_AND_CONTRACT
PHASE GENERATE_DEGREE8_ADJOINT_WITNESS
HEARTBEAT GENERATE_DEGREE8_ADJOINT_WITNESS {"function": "proposal", "n": 0, "backward_fast_steps_generated": 75999}
PROPOSAL 76000 steps
PHASE CERTIFY_RECURSIONS_ABEl_AND_SUPERSOLUTIONS
VERIFIED DEGREE 0 max defect 1.565494937649059e-16
VERIFIED DEGREE 1 max defect 1.6230902636111509e-18
HEARTBEAT CERTIFY_RECURSIONS_ABEl_AND_SUPERSOLUTIONS {"function": "verify_recursions", "n": 18824, "degree": 2}
VERIFIED DEGREE 2 max defect 7.551942284250109e-21
VERIFIED DEGREE 3 max defect 1.0673273512206135e-22
HEARTBEAT CERTIFY_RECURSIONS_ABEl_AND_SUPERSOLUTIONS {"function": "verify_recursions", "n": 41070, "degree": 4}
VERIFIED DEGREE 4 max defect 2.123393967289673e-24
HEARTBEAT CERTIFY_RECURSIONS_ABEl_AND_SUPERSOLUTIONS {"function": "verify_recursions", "n": 68413, "degree": 5}
VERIFIED DEGREE 5 max defect 3.820764881565028e-26
VERIFIED DEGREE 6 max defect 1.2150642298101344e-27
HEARTBEAT CERTIFY_RECURSIONS_ABEl_AND_SUPERSOLUTIONS {"function": "verify_recursions", "n": 16209, "degree": 7}
VERIFIED DEGREE 7 max defect 2.4911456142385743e-29
HEARTBEAT CERTIFY_RECURSIONS_ABEl_AND_SUPERSOLUTIONS {"function": "verify_recursions", "n": 19536, "degree": 8}
VERIFIED DEGREE 8 max defect 2.709522752875446e-29
HEARTBEAT CERTIFY_RECURSIONS_ABEl_AND_SUPERSOLUTIONS {"function": "<genexpr>"}
RESULT PASS variance 4.831093224106477e-07 4.851714009257172e-07 ratio 0.9978622828034197 1.0021508198289741 Es 0.12523686450996693 J/S0 0.000304823547124922
PHASE UNIFORM_MEAN_AND_EVENT_RISK
PHASE COMPLETE
{"case": "D2A_H300_FIXED76_AVERAGE250", "status": "CERTIFIED_TARGET_PASS", "arithmetic_risk_target_status": "CERTIFIED_TARGET_PASS", "failure": [], "variance_lower": 4.831093224106477e-07, "variance_upper": 4.851714009257172e-07, "variance_ratio_upper": 1.0021508198289741, "mean_H0_upper": 0.03729518943987253, "mean_H1_lower": 0.13272949383040333, "dynamic_loss": 0.0012408163168321205, "error_per_side": 0.0016683797452167939, "gap": 0.08992084970734164, "power_lower": 0.9999999999499034, "false_alarm_upper": 0.0009671226213601976, "event": 5.009659568086601e-11, "elapsed_wall_seconds": 219.31327170000077}
