PHASE DESIGN_AND_CONTRACT
PHASE GENERATE_DEGREE8_ADJOINT_WITNESS
HEARTBEAT GENERATE_DEGREE8_ADJOINT_WITNESS {"function": "proposal", "n": 0, "backward_fast_steps_generated": 60999}
PROPOSAL 61000 steps
PHASE CERTIFY_RECURSIONS_ABEl_AND_SUPERSOLUTIONS
VERIFIED DEGREE 0 max defect 2.221619400452818e-15
VERIFIED DEGREE 1 max defect 2.0618137429381824e-17
VERIFIED DEGREE 2 max defect 2.2474277381789543e-19
HEARTBEAT CERTIFY_RECURSIONS_ABEl_AND_SUPERSOLUTIONS {"function": "verify_recursions", "n": 31822, "degree": 3}
VERIFIED DEGREE 3 max defect 4.079219251745678e-21
VERIFIED DEGREE 4 max defect 8.31407147651255e-23
HEARTBEAT CERTIFY_RECURSIONS_ABEl_AND_SUPERSOLUTIONS {"function": "verify_recursions", "n": 42146, "degree": 5}
VERIFIED DEGREE 5 max defect 1.329009354016203e-24
VERIFIED DEGREE 6 max defect 3.42102195470896e-26
HEARTBEAT CERTIFY_RECURSIONS_ABEl_AND_SUPERSOLUTIONS {"function": "verify_recursions", "n": 21589, "degree": 7}
VERIFIED DEGREE 7 max defect 1.2848558002958878e-27
HEARTBEAT CERTIFY_RECURSIONS_ABEl_AND_SUPERSOLUTIONS {"function": "verify_recursions", "n": 42331, "degree": 8}
VERIFIED DEGREE 8 max defect 1.4092133910669298e-27
RESULT PASS variance 0.018110106381235107 0.018131330061569726 ratio 0.9994129585660844 1.0005871326135138 Es 0.8749362656333882 J/S0 0.00040848421245404494
PHASE UNIFORM_MEAN_AND_EVENT_RISK
PHASE COMPLETE
{"case": "D2A_H240_TERMINAL_BALANCED_POINT_LAST_FAST_READ", "status": "VALID_UNIFORM_CERTIFICATE_TARGET_NOT_MET", "arithmetic_risk_target_status": "VALID_UNIFORM_CERTIFICATE_TARGET_NOT_MET", "failure": ["RISK_TARGET_NOT_MET"], "variance_lower": 0.018110106381235107, "variance_upper": 0.018131330061569726, "variance_ratio_upper": 1.0005871326135138, "mean_H0_upper": 0.03394447561803741, "mean_H1_lower": 0.09219961676310232, "dynamic_loss": 0.01247822522706863, "error_per_side": 0.03191197777808341, "gap": -0.4263582749879049, "power_lower": 0.0, "false_alarm_upper": 0.0009671226119338959, "event": 4.067029394609023e-11, "elapsed_wall_seconds": 162.16772929999934}
