PHASE DESIGN_AND_CONTRACT
PHASE GENERATE_DEGREE8_ADJOINT_WITNESS
PROPOSAL 61000 steps
PHASE CERTIFY_RECURSIONS_ABEl_AND_SUPERSOLUTIONS
VERIFIED DEGREE 0 max defect 3.227886420552798e-16
HEARTBEAT CERTIFY_RECURSIONS_ABEl_AND_SUPERSOLUTIONS {"function": "verify_recursions", "n": 23009, "degree": 1}
VERIFIED DEGREE 1 max defect 2.6676553270449858e-18
VERIFIED DEGREE 2 max defect 1.3481780088489619e-20
VERIFIED DEGREE 3 max defect 1.6535269769912171e-22
VERIFIED DEGREE 4 max defect 3.547208713920949e-24
HEARTBEAT CERTIFY_RECURSIONS_ABEl_AND_SUPERSOLUTIONS {"function": "verify_recursions", "n": 44174, "degree": 5}
VERIFIED DEGREE 5 max defect 7.462035848278776e-26
VERIFIED DEGREE 6 max defect 1.150191244379583e-27
VERIFIED DEGREE 7 max defect 3.5045756700300947e-29
HEARTBEAT CERTIFY_RECURSIONS_ABEl_AND_SUPERSOLUTIONS {"function": "verify_recursions", "n": 24621, "degree": 8}
VERIFIED DEGREE 8 max defect 3.777665566668196e-29
RESULT PASS variance 5.266089268654386e-07 5.291746404086113e-07 ratio 0.9975591659323619 1.002453096131399 Es 0.12626747087019854 J/S0 0.0002590180321291522
PHASE UNIFORM_MEAN_AND_EVENT_RISK
PHASE COMPLETE
{"case": "D2A_H240_FIXED76_AVERAGE250", "status": "CERTIFIED_TARGET_PASS", "arithmetic_risk_target_status": "CERTIFIED_TARGET_PASS", "failure": [], "variance_lower": 5.266089268654386e-07, "variance_upper": 5.291746404086113e-07, "variance_ratio_upper": 1.002453096131399, "mean_H0_upper": 0.020136862431668293, "mean_H1_lower": 0.061273602560068016, "dynamic_loss": 0.0008482268666337315, "error_per_side": 0.0011515507491297132, "gap": 0.03656037641522967, "power_lower": 0.9999999999598244, "false_alarm_upper": 0.0009671226114392112, "event": 4.017560926612229e-11, "elapsed_wall_seconds": 106.49258719999852}
