PHASE DESIGN_AND_CONTRACT
PHASE GENERATE_DEGREE8_ADJOINT_WITNESS
HEARTBEAT GENERATE_DEGREE8_ADJOINT_WITNESS {"function": "proposal", "n": 0, "backward_fast_steps_generated": 75999}
PROPOSAL 76000 steps
PHASE CERTIFY_RECURSIONS_ABEl_AND_SUPERSOLUTIONS
HEARTBEAT CERTIFY_RECURSIONS_ABEl_AND_SUPERSOLUTIONS {"function": "verify_recursions", "n": 7764, "degree": 0}
VERIFIED DEGREE 0 max defect 2.0841477990121266e-15
VERIFIED DEGREE 1 max defect 1.7789643283744583e-17
VERIFIED DEGREE 2 max defect 2.0339835306887445e-19
HEARTBEAT CERTIFY_RECURSIONS_ABEl_AND_SUPERSOLUTIONS {"function": "verify_recursions", "n": 22761, "degree": 3}
VERIFIED DEGREE 3 max defect 4.484711094456337e-21
HEARTBEAT CERTIFY_RECURSIONS_ABEl_AND_SUPERSOLUTIONS {"function": "verify_recursions", "n": 57201, "degree": 4}
VERIFIED DEGREE 4 max defect 7.588405106127132e-23
HEARTBEAT CERTIFY_RECURSIONS_ABEl_AND_SUPERSOLUTIONS {"function": "verify_recursions", "n": 72700, "degree": 5}
VERIFIED DEGREE 5 max defect 1.3919464352907373e-24
HEARTBEAT CERTIFY_RECURSIONS_ABEl_AND_SUPERSOLUTIONS {"function": "verify_recursions", "n": 71029, "degree": 6}
VERIFIED DEGREE 6 max defect 2.664507745986143e-26
HEARTBEAT CERTIFY_RECURSIONS_ABEl_AND_SUPERSOLUTIONS {"function": "verify_recursions", "n": 69116, "degree": 7}
VERIFIED DEGREE 7 max defect 1.3093237835982424e-27
HEARTBEAT CERTIFY_RECURSIONS_ABEl_AND_SUPERSOLUTIONS {"function": "verify_recursions", "n": 59535, "degree": 8}
VERIFIED DEGREE 8 max defect 1.4332252874201092e-27
RESULT PASS variance 0.018110106360323033 0.018131330027721413 ratio 0.9994129589316376 1.0005871322476794 Es 0.874933823266857 J/S0 0.0004084843578250241
PHASE UNIFORM_MEAN_AND_EVENT_RISK
PHASE COMPLETE
{"case": "D2A_H300_FIXED40_POINT_LAST_FAST_READ", "status": "VALID_UNIFORM_CERTIFICATE_TARGET_NOT_MET", "arithmetic_risk_target_status": "VALID_UNIFORM_CERTIFICATE_TARGET_NOT_MET", "failure": ["RISK_TARGET_NOT_MET"], "variance_lower": 0.018110106360323033, "variance_upper": 0.018131330027721413, "variance_ratio_upper": 1.0005871322476794, "mean_H0_upper": 0.05040894418443209, "mean_H1_lower": 0.12861041798511627, "dynamic_loss": 0.014618092952103826, "error_per_side": 0.037394265154716076, "gap": -0.4173765166927775, "power_lower": 0.0, "false_alarm_upper": 0.0009671226215250925, "event": 5.026149057418866e-11, "elapsed_wall_seconds": 256.16682740000033}
