PHASE DESIGN_AND_CONTRACT
PHASE GENERATE_DEGREE8_ADJOINT_WITNESS
HEARTBEAT GENERATE_DEGREE8_ADJOINT_WITNESS {"function": "proposal", "n": 0, "backward_fast_steps_generated": 60999}
PROPOSAL 61000 steps
PHASE CERTIFY_RECURSIONS_ABEl_AND_SUPERSOLUTIONS
VERIFIED DEGREE 0 max defect 3.138963106466886e-16
VERIFIED DEGREE 1 max defect 2.1568988563425017e-18
VERIFIED DEGREE 2 max defect 9.622413285027581e-21
VERIFIED DEGREE 3 max defect 4.239106258368602e-22
HEARTBEAT CERTIFY_RECURSIONS_ABEl_AND_SUPERSOLUTIONS {"function": "verify_recursions", "n": 9380, "degree": 4}
VERIFIED DEGREE 4 max defect 3.7678351895033275e-24
VERIFIED DEGREE 5 max defect 7.067151947843164e-26
HEARTBEAT CERTIFY_RECURSIONS_ABEl_AND_SUPERSOLUTIONS {"function": "verify_recursions", "n": 21710, "degree": 6}
VERIFIED DEGREE 6 max defect 1.3164818245573869e-27
VERIFIED DEGREE 7 max defect 3.469100042350051e-29
HEARTBEAT CERTIFY_RECURSIONS_ABEl_AND_SUPERSOLUTIONS {"function": "verify_recursions", "n": 9348, "degree": 8}
VERIFIED DEGREE 8 max defect 3.2190142579494544e-29
RESULT PASS variance 5.56967676076978e-07 5.598559857147841e-07 ratio 0.997401896712371 1.002609972202698 Es 0.12689272963480372 J/S0 0.0002928250922324329
PHASE UNIFORM_MEAN_AND_EVENT_RISK
PHASE COMPLETE
{"case": "D2A_H240_SWITCH_THEN_STAY_S200_AVERAGE250", "status": "CERTIFIED_TARGET_PASS", "arithmetic_risk_target_status": "CERTIFIED_TARGET_PASS", "failure": [], "variance_lower": 5.56967676076978e-07, "variance_upper": 5.598559857147841e-07, "variance_ratio_upper": 1.002609972202698, "mean_H0_upper": 0.020925515312020103, "mean_H1_lower": 0.07959282403323202, "dynamic_loss": 0.0010770123353114084, "error_per_side": 0.001442151584901535, "gap": 0.05344477040273454, "power_lower": 0.9999999999593298, "false_alarm_upper": 0.0009671226119338959, "event": 4.067029394609023e-11, "elapsed_wall_seconds": 143.21661379999932}
