PHASE DESIGN_AND_CONTRACT
PHASE GENERATE_DEGREE8_ADJOINT_WITNESS
HEARTBEAT GENERATE_DEGREE8_ADJOINT_WITNESS {"function": "proposal", "n": 0, "backward_fast_steps_generated": 60999}
PROPOSAL 61000 steps
PHASE CERTIFY_RECURSIONS_ABEl_AND_SUPERSOLUTIONS
VERIFIED DEGREE 0 max defect 2.477077999197399e-15
VERIFIED DEGREE 1 max defect 1.9334988953343886e-17
HEARTBEAT CERTIFY_RECURSIONS_ABEl_AND_SUPERSOLUTIONS {"function": "verify_recursions", "n": 23298, "degree": 2}
VERIFIED DEGREE 2 max defect 2.4367910503040896e-19
VERIFIED DEGREE 3 max defect 4.9578004219404465e-21
HEARTBEAT CERTIFY_RECURSIONS_ABEl_AND_SUPERSOLUTIONS {"function": "verify_recursions", "n": 40971, "degree": 4}
VERIFIED DEGREE 4 max defect 7.687476550995945e-23
VERIFIED DEGREE 5 max defect 1.636238797637135e-24
HEARTBEAT CERTIFY_RECURSIONS_ABEl_AND_SUPERSOLUTIONS {"function": "verify_recursions", "n": 19609, "degree": 6}
VERIFIED DEGREE 6 max defect 2.9695377581918936e-26
HEARTBEAT CERTIFY_RECURSIONS_ABEl_AND_SUPERSOLUTIONS {"function": "verify_recursions", "n": 33815, "degree": 7}
VERIFIED DEGREE 7 max defect 1.5515145062567078e-27
HEARTBEAT CERTIFY_RECURSIONS_ABEl_AND_SUPERSOLUTIONS {"function": "verify_recursions", "n": 40582, "degree": 8}
VERIFIED DEGREE 8 max defect 1.7048867229026503e-27
RESULT PASS variance 0.01811010637855459 0.018131330057224095 ratio 0.9994129586131286 1.0005871325664335 Es 0.8749359524461893 J/S0 0.0004084842309207558
PHASE UNIFORM_MEAN_AND_EVENT_RISK
PHASE COMPLETE
{"case": "D2A_H240_SWITCH_THEN_STAY_S220_POINT_LAST_FAST_READ", "status": "VALID_UNIFORM_CERTIFICATE_TARGET_NOT_MET", "arithmetic_risk_target_status": "VALID_UNIFORM_CERTIFICATE_TARGET_NOT_MET", "failure": ["RISK_TARGET_NOT_MET"], "variance_lower": 0.01811010637855459, "variance_upper": 0.018131330057224095, "variance_ratio_upper": 1.0005871325664335, "mean_H0_upper": 0.03496103121478782, "mean_H1_lower": 0.08412227491302965, "dynamic_loss": 0.012339419048059633, "error_per_side": 0.03155699302509252, "gap": -0.43474220287831983, "power_lower": 0.0, "false_alarm_upper": 0.0009671226119338959, "event": 4.067029394609023e-11, "elapsed_wall_seconds": 197.9936960999985}
