PHASE DESIGN_AND_CONTRACT
PHASE GENERATE_DEGREE8_ADJOINT_WITNESS
PROPOSAL 51000 steps
PHASE CERTIFY_RECURSIONS_ABEl_AND_SUPERSOLUTIONS
VERIFIED DEGREE 0 max defect 2.432239471299703e-15
HEARTBEAT CERTIFY_RECURSIONS_ABEl_AND_SUPERSOLUTIONS {"function": "verify_recursions", "n": 42991, "degree": 1}
VERIFIED DEGREE 1 max defect 1.9473024900653107e-17
VERIFIED DEGREE 2 max defect 2.817372241018629e-19
VERIFIED DEGREE 3 max defect 5.605227692906207e-21
VERIFIED DEGREE 4 max defect 7.186201589587319e-23
HEARTBEAT CERTIFY_RECURSIONS_ABEl_AND_SUPERSOLUTIONS {"function": "verify_recursions", "n": 28435, "degree": 5}
VERIFIED DEGREE 5 max defect 1.4438188873876195e-24
VERIFIED DEGREE 6 max defect 3.942335740666564e-26
HEARTBEAT CERTIFY_RECURSIONS_ABEl_AND_SUPERSOLUTIONS {"function": "verify_recursions", "n": 43826, "degree": 7}
VERIFIED DEGREE 7 max defect 1.5836697294876711e-27
VERIFIED DEGREE 8 max defect 1.7333994181434572e-27
RESULT PASS variance 0.01811010639754417 0.01813133008795852 ratio 0.9994129582812413 1.000587132898576 Es 0.8749381698891882 J/S0 0.0004084840989355539
PHASE UNIFORM_MEAN_AND_EVENT_RISK
PHASE COMPLETE
{"case": "D2A_H200_FIXED20_POINT_LAST_FAST_READ", "status": "VALID_UNIFORM_CERTIFICATE_TARGET_NOT_MET", "arithmetic_risk_target_status": "VALID_UNIFORM_CERTIFICATE_TARGET_NOT_MET", "failure": ["RISK_TARGET_NOT_MET"], "variance_lower": 0.01811010639754417, "variance_upper": 0.01813133008795852, "variance_ratio_upper": 1.000587132898576, "mean_H0_upper": 0.027559241204603395, "mean_H1_lower": 0.06365336356280596, "dynamic_loss": 0.01063358256826614, "error_per_side": 0.027194464312425396, "gap": -0.43908426714966503, "power_lower": 0.0, "false_alarm_upper": 0.0009671226052099751, "event": 3.394637307404598e-11, "elapsed_wall_seconds": 110.90574360000028}
