PHASE DESIGN_AND_CONTRACT
PHASE GENERATE_DEGREE8_ADJOINT_WITNESS
PROPOSAL 51000 steps
PHASE CERTIFY_RECURSIONS_ABEl_AND_SUPERSOLUTIONS
VERIFIED DEGREE 0 max defect 3.2147964384166086e-15
VERIFIED DEGREE 1 max defect 2.829416665717153e-17
HEARTBEAT CERTIFY_RECURSIONS_ABEl_AND_SUPERSOLUTIONS {"function": "verify_recursions", "n": 15363, "degree": 2}
VERIFIED DEGREE 2 max defect 3.1105001577170924e-19
VERIFIED DEGREE 3 max defect 4.4024701322232875e-21
VERIFIED DEGREE 4 max defect 1.0831749937655069e-22
VERIFIED DEGREE 5 max defect 2.4252477840354337e-24
HEARTBEAT CERTIFY_RECURSIONS_ABEl_AND_SUPERSOLUTIONS {"function": "verify_recursions", "n": 22795, "degree": 6}
VERIFIED DEGREE 6 max defect 3.833454835647566e-26
VERIFIED DEGREE 7 max defect 2.1401358033232645e-27
VERIFIED DEGREE 8 max defect 2.346880594181661e-27
HEARTBEAT CERTIFY_RECURSIONS_ABEl_AND_SUPERSOLUTIONS {"function": "<genexpr>"}
RESULT PASS variance 0.018110106457170268 0.018131330055137413 ratio 0.9994129608276091 1.0005871303518463 Es 0.8749393665361677 J/S0 0.0004084812868273911
PHASE UNIFORM_MEAN_AND_EVENT_RISK
PHASE COMPLETE
{"case": "D2A_H200_SWITCH_THEN_STAY_S140_POINT_LAST_FAST_READ", "status": "VALID_UNIFORM_CERTIFICATE_TARGET_NOT_MET", "arithmetic_risk_target_status": "VALID_UNIFORM_CERTIFICATE_TARGET_NOT_MET", "failure": ["RISK_TARGET_NOT_MET"], "variance_lower": 0.018110106457170268, "variance_upper": 0.018131330055137413, "variance_ratio_upper": 1.0005871303518463, "mean_H0_upper": 0.021871342515025597, "mean_H1_lower": 0.03272142509625081, "dynamic_loss": 0.008590340842206154, "error_per_side": 0.021969050972727517, "gap": -0.4538774798663927, "power_lower": 0.0, "false_alarm_upper": 0.0009671226052099751, "event": 3.394637307404598e-11, "elapsed_wall_seconds": 91.16224959999818}
