PHASE DESIGN_AND_CONTRACT
PHASE GENERATE_DEGREE8_ADJOINT_WITNESS
PROPOSAL 61000 steps
PHASE CERTIFY_RECURSIONS_ABEl_AND_SUPERSOLUTIONS
VERIFIED DEGREE 0 max defect 5.115342179332457e-15
HEARTBEAT CERTIFY_RECURSIONS_ABEl_AND_SUPERSOLUTIONS {"function": "verify_recursions", "n": 24249, "degree": 1}
VERIFIED DEGREE 1 max defect 2.955219382639385e-17
VERIFIED DEGREE 2 max defect 2.7661625800669273e-19
VERIFIED DEGREE 3 max defect 4.635167824594929e-21
VERIFIED DEGREE 4 max defect 9.985803071693501e-23
HEARTBEAT CERTIFY_RECURSIONS_ABEl_AND_SUPERSOLUTIONS {"function": "verify_recursions", "n": 45345, "degree": 5}
VERIFIED DEGREE 5 max defect 2.2841776310405226e-24
VERIFIED DEGREE 6 max defect 4.534099731780728e-26
VERIFIED DEGREE 7 max defect 1.9379434912247887e-27
HEARTBEAT CERTIFY_RECURSIONS_ABEl_AND_SUPERSOLUTIONS {"function": "verify_recursions", "n": 23243, "degree": 8}
VERIFIED DEGREE 8 max defect 2.1279514259443905e-27
RESULT PASS variance 0.018110106378175644 0.018131330044572968 ratio 0.9994129589537162 1.0005871322257325 Es 0.8749353711695862 J/S0 0.00040848401044018726
PHASE UNIFORM_MEAN_AND_EVENT_RISK
PHASE COMPLETE
{"case": "D2A_H240_FIXED76_POINT_LAST_FAST_READ", "status": "VALID_UNIFORM_CERTIFICATE_TARGET_NOT_MET", "arithmetic_risk_target_status": "VALID_UNIFORM_CERTIFICATE_TARGET_NOT_MET", "failure": ["RISK_TARGET_NOT_MET"], "variance_lower": 0.018110106378175644, "variance_upper": 0.018131330044572968, "variance_ratio_upper": 1.0005871322257325, "mean_H0_upper": 0.028382137174545668, "mean_H1_lower": 0.05346247688737385, "dynamic_loss": 0.009002706385196084, "error_per_side": 0.023359442654615696, "gap": -0.44242800597597703, "power_lower": 0.0, "false_alarm_upper": 0.0009671226114392112, "event": 4.017560926612229e-11, "elapsed_wall_seconds": 103.50929499999984}
