PHASE DESIGN_AND_CONTRACT
PHASE GENERATE_DEGREE8_ADJOINT_WITNESS
HEARTBEAT GENERATE_DEGREE8_ADJOINT_WITNESS {"function": "proposal", "n": 0, "backward_fast_steps_generated": 60999}
PROPOSAL 61000 steps
PHASE CERTIFY_RECURSIONS_ABEl_AND_SUPERSOLUTIONS
VERIFIED DEGREE 0 max defect 2.28603194970689e-15
VERIFIED DEGREE 1 max defect 1.947166945414336e-17
VERIFIED DEGREE 2 max defect 2.0976084422971642e-19
HEARTBEAT CERTIFY_RECURSIONS_ABEl_AND_SUPERSOLUTIONS {"function": "verify_recursions", "n": 44863, "degree": 3}
VERIFIED DEGREE 3 max defect 4.3902673697031384e-21
VERIFIED DEGREE 4 max defect 7.757271956744516e-23
HEARTBEAT CERTIFY_RECURSIONS_ABEl_AND_SUPERSOLUTIONS {"function": "verify_recursions", "n": 58364, "degree": 5}
VERIFIED DEGREE 5 max defect 1.4906668921602735e-24
VERIFIED DEGREE 6 max defect 4.9313743207448794e-26
HEARTBEAT CERTIFY_RECURSIONS_ABEl_AND_SUPERSOLUTIONS {"function": "verify_recursions", "n": 44835, "degree": 7}
VERIFIED DEGREE 7 max defect 1.4235137730892716e-27
VERIFIED DEGREE 8 max defect 1.5600733588124895e-27
HEARTBEAT CERTIFY_RECURSIONS_ABEl_AND_SUPERSOLUTIONS {"function": "<genexpr>"}
RESULT PASS variance 0.018110106379597972 0.018131330058916498 ratio 0.9994129585947946 1.0005871325847815 Es 0.8749360743509011 J/S0 0.0004084842237575583
PHASE UNIFORM_MEAN_AND_EVENT_RISK
PHASE COMPLETE
{"case": "D2A_H240_FIXED20_POINT_LAST_FAST_READ", "status": "VALID_UNIFORM_CERTIFICATE_TARGET_NOT_MET", "arithmetic_risk_target_status": "VALID_UNIFORM_CERTIFICATE_TARGET_NOT_MET", "failure": ["RISK_TARGET_NOT_MET"], "variance_lower": 0.018110106379597972, "variance_upper": 0.018131330058916498, "variance_ratio_upper": 1.0005871325847815, "mean_H0_upper": 0.03369726993839984, "mean_H1_lower": 0.09101517049688694, "dynamic_loss": 0.012359422623491807, "error_per_side": 0.03160815043274123, "gap": -0.4266878608530105, "power_lower": 0.0, "false_alarm_upper": 0.0009671226118514485, "event": 4.058784649942891e-11, "elapsed_wall_seconds": 151.1384059999982}
