PHASE DESIGN_AND_CONTRACT
PHASE GENERATE_DEGREE8_ADJOINT_WITNESS
HEARTBEAT GENERATE_DEGREE8_ADJOINT_WITNESS {"function": "proposal", "n": 0, "backward_fast_steps_generated": 100999}
HEARTBEAT GENERATE_DEGREE8_ADJOINT_WITNESS {"function": "proposal", "n": 0, "backward_fast_steps_generated": 100999}
PROPOSAL 101000 steps
PHASE CERTIFY_RECURSIONS_ABEl_AND_SUPERSOLUTIONS
VERIFIED DEGREE 0 max defect 1.5096651971809696e-16
VERIFIED DEGREE 1 max defect 1.3763274497277033e-18
HEARTBEAT CERTIFY_RECURSIONS_ABEl_AND_SUPERSOLUTIONS {"function": "verify_recursions", "n": 69100, "degree": 2}
VERIFIED DEGREE 2 max defect 8.375384157621229e-21
VERIFIED DEGREE 3 max defect 1.1595633950511002e-22
HEARTBEAT CERTIFY_RECURSIONS_ABEl_AND_SUPERSOLUTIONS {"function": "verify_recursions", "n": 34130, "degree": 4}
VERIFIED DEGREE 4 max defect 2.108293589035145e-24
HEARTBEAT CERTIFY_RECURSIONS_ABEl_AND_SUPERSOLUTIONS {"function": "verify_recursions", "n": 55607, "degree": 5}
VERIFIED DEGREE 5 max defect 3.8648792896124797e-26
HEARTBEAT CERTIFY_RECURSIONS_ABEl_AND_SUPERSOLUTIONS {"function": "verify_recursions", "n": 58869, "degree": 6}
VERIFIED DEGREE 6 max defect 6.2749595274746505e-28
HEARTBEAT CERTIFY_RECURSIONS_ABEl_AND_SUPERSOLUTIONS {"function": "verify_recursions", "n": 55753, "degree": 7}
VERIFIED DEGREE 7 max defect 1.9527321476569118e-29
HEARTBEAT CERTIFY_RECURSIONS_ABEl_AND_SUPERSOLUTIONS {"function": "verify_recursions", "n": 41322, "degree": 8}
VERIFIED DEGREE 8 max defect 1.961822978510714e-29
RESULT PASS variance 5.210968654721631e-07 5.236326534247302e-07 ratio 0.9975625085002285 1.0024501302700144 Es 0.12614732496673595 J/S0 0.00038108018948830857
HEARTBEAT CERTIFY_RECURSIONS_ABEl_AND_SUPERSOLUTIONS {"function": "certify"}
PHASE UNIFORM_MEAN_AND_EVENT_RISK
PHASE COMPLETE
{"case": "D2A_H400_FIXED20_AVERAGE250", "status": "CERTIFIED_TARGET_PASS", "arithmetic_risk_target_status": "CERTIFIED_TARGET_PASS", "failure": [], "variance_lower": 5.210968654721631e-07, "variance_upper": 5.236326534247302e-07, "variance_ratio_upper": 1.0024501302700144, "mean_H0_upper": 0.03090967582407437, "mean_H1_lower": 0.2422875037890522, "dynamic_loss": 0.0015944374571023082, "error_per_side": 0.002134999229253591, "gap": 0.20484650243346664, "power_lower": 0.9999999999327638, "false_alarm_upper": 0.0009671226384997896, "event": 6.723618764762194e-11, "elapsed_wall_seconds": 271.69248309999966}
