PHASE DESIGN_AND_CONTRACT
PHASE GENERATE_DEGREE8_ADJOINT_WITNESS
PROPOSAL 51000 steps
PHASE CERTIFY_RECURSIONS_ABEl_AND_SUPERSOLUTIONS
VERIFIED DEGREE 0 max defect 3.0337679753089017e-15
HEARTBEAT CERTIFY_RECURSIONS_ABEl_AND_SUPERSOLUTIONS {"function": "verify_recursions", "n": 17107, "degree": 1}
VERIFIED DEGREE 1 max defect 2.394351852906621e-17
VERIFIED DEGREE 2 max defect 2.5842318901033526e-19
VERIFIED DEGREE 3 max defect 5.735079461819135e-21
VERIFIED DEGREE 4 max defect 8.512556270858416e-23
HEARTBEAT CERTIFY_RECURSIONS_ABEl_AND_SUPERSOLUTIONS {"function": "verify_recursions", "n": 21106, "degree": 5}
VERIFIED DEGREE 5 max defect 2.1685837727461505e-24
VERIFIED DEGREE 6 max defect 5.20843584914581e-26
HEARTBEAT CERTIFY_RECURSIONS_ABEl_AND_SUPERSOLUTIONS {"function": "verify_recursions", "n": 37376, "degree": 7}
VERIFIED DEGREE 7 max defect 1.9210130836793054e-27
VERIFIED DEGREE 8 max defect 2.108004462676185e-27
RESULT PASS variance 0.01811010639734264 0.018131330079722556 ratio 0.9994129585042244 1.000587132675519 Es 0.8749377939898308 J/S0 0.00040848395362898655
PHASE UNIFORM_MEAN_AND_EVENT_RISK
PHASE COMPLETE
{"case": "D2A_H200_SWITCH_THEN_STAY_S160_POINT_LAST_FAST_READ", "status": "VALID_UNIFORM_CERTIFICATE_TARGET_NOT_MET", "arithmetic_risk_target_status": "VALID_UNIFORM_CERTIFICATE_TARGET_NOT_MET", "failure": ["RISK_TARGET_NOT_MET"], "variance_lower": 0.01811010639734264, "variance_upper": 0.018131330079722556, "variance_ratio_upper": 1.000587132675519, "mean_H0_upper": 0.02597456115652978, "mean_H1_lower": 0.0437023086451365, "dynamic_loss": 0.009731995079106347, "error_per_side": 0.02488873257610024, "gap": -0.452839178451041, "power_lower": 0.0, "false_alarm_upper": 0.0009671226052099751, "event": 3.394637307404598e-11, "elapsed_wall_seconds": 112.03358800000206}
