PHASE DESIGN_AND_CONTRACT
PHASE GENERATE_DEGREE8_ADJOINT_WITNESS
PROPOSAL 51000 steps
PHASE CERTIFY_RECURSIONS_ABEl_AND_SUPERSOLUTIONS
HEARTBEAT CERTIFY_RECURSIONS_ABEl_AND_SUPERSOLUTIONS {"function": "verify_recursions", "n": 11484, "degree": 0}
VERIFIED DEGREE 0 max defect 2.528050236889681e-16
VERIFIED DEGREE 1 max defect 2.2954413416106916e-18
VERIFIED DEGREE 2 max defect 1.4379936347367556e-20
VERIFIED DEGREE 3 max defect 1.3862245854176892e-22
HEARTBEAT CERTIFY_RECURSIONS_ABEl_AND_SUPERSOLUTIONS {"function": "verify_recursions", "n": 28957, "degree": 4}
VERIFIED DEGREE 4 max defect 3.533443610084795e-24
VERIFIED DEGREE 5 max defect 7.390674377185959e-26
HEARTBEAT CERTIFY_RECURSIONS_ABEl_AND_SUPERSOLUTIONS {"function": "verify_recursions", "n": 37583, "degree": 6}
VERIFIED DEGREE 6 max defect 1.3688476885578412e-27
VERIFIED DEGREE 7 max defect 3.1301429785991444e-29
HEARTBEAT CERTIFY_RECURSIONS_ABEl_AND_SUPERSOLUTIONS {"function": "verify_recursions", "n": 28483, "degree": 8}
VERIFIED DEGREE 8 max defect 3.4033479678561745e-29
RESULT PASS variance 5.557515201111458e-07 5.586247862738294e-07 ratio 0.9974097500981174 1.0026021133457022 Es 0.12686874616991553 J/S0 0.00028333901622992535
PHASE UNIFORM_MEAN_AND_EVENT_RISK
PHASE COMPLETE
{"case": "D2A_H200_SWITCH_THEN_STAY_S180_AVERAGE250", "status": "CERTIFIED_TARGET_PASS", "arithmetic_risk_target_status": "CERTIFIED_TARGET_PASS", "failure": [], "variance_lower": 5.557515201111458e-07, "variance_upper": 5.586247862738294e-07, "variance_ratio_upper": 1.0026021133457022, "mean_H0_upper": 0.020425580950465365, "mean_H1_lower": 0.06514387228603846, "dynamic_loss": 0.0010131605437811002, "error_per_side": 0.0013566521348626352, "gap": 0.03966932438077205, "power_lower": 0.9999999999660536, "false_alarm_upper": 0.0009671226052099751, "event": 3.394637307404598e-11, "elapsed_wall_seconds": 132.72615210000004}
