PHASE DESIGN_AND_CONTRACT
PHASE GENERATE_DEGREE8_ADJOINT_WITNESS
HEARTBEAT GENERATE_DEGREE8_ADJOINT_WITNESS {"function": "proposal", "n": 0, "backward_fast_steps_generated": 100999}
HEARTBEAT GENERATE_DEGREE8_ADJOINT_WITNESS {"function": "proposal", "n": 0, "backward_fast_steps_generated": 100999}
PROPOSAL 101000 steps
PHASE CERTIFY_RECURSIONS_ABEl_AND_SUPERSOLUTIONS
VERIFIED DEGREE 0 max defect 1.6954656028867907e-15
VERIFIED DEGREE 1 max defect 1.3326804059102769e-17
HEARTBEAT CERTIFY_RECURSIONS_ABEl_AND_SUPERSOLUTIONS {"function": "verify_recursions", "n": 69913, "degree": 2}
VERIFIED DEGREE 2 max defect 1.6679943606862213e-19
VERIFIED DEGREE 3 max defect 3.2695209375386576e-21
HEARTBEAT CERTIFY_RECURSIONS_ABEl_AND_SUPERSOLUTIONS {"function": "verify_recursions", "n": 35874, "degree": 4}
VERIFIED DEGREE 4 max defect 4.3893189776927234e-23
HEARTBEAT CERTIFY_RECURSIONS_ABEl_AND_SUPERSOLUTIONS {"function": "verify_recursions", "n": 56603, "degree": 5}
VERIFIED DEGREE 5 max defect 1.4063512303633348e-24
HEARTBEAT CERTIFY_RECURSIONS_ABEl_AND_SUPERSOLUTIONS {"function": "verify_recursions", "n": 60327, "degree": 6}
VERIFIED DEGREE 6 max defect 2.2183019389432505e-26
HEARTBEAT CERTIFY_RECURSIONS_ABEl_AND_SUPERSOLUTIONS {"function": "verify_recursions", "n": 56727, "degree": 7}
VERIFIED DEGREE 7 max defect 1.0073283854603424e-27
HEARTBEAT CERTIFY_RECURSIONS_ABEl_AND_SUPERSOLUTIONS {"function": "verify_recursions", "n": 40458, "degree": 8}
VERIFIED DEGREE 8 max defect 1.1066930871162525e-27
HEARTBEAT CERTIFY_RECURSIONS_ABEl_AND_SUPERSOLUTIONS {"function": "energy_bounds", "n": 47739}
RESULT PASS variance 0.018110106371647325 0.018131330046051258 ratio 0.9994129587336759 1.0005871324457933 Es 0.874935145872451 J/S0 0.00040848427910941714
PHASE UNIFORM_MEAN_AND_EVENT_RISK
PHASE COMPLETE
{"case": "D2A_H400_FIXED20_POINT_LAST_FAST_READ", "status": "VALID_UNIFORM_CERTIFICATE_TARGET_NOT_MET", "arithmetic_risk_target_status": "VALID_UNIFORM_CERTIFICATE_TARGET_NOT_MET", "failure": ["RISK_TARGET_NOT_MET"], "variance_lower": 0.018110106371647325, "variance_upper": 0.018131330046051258, "variance_ratio_upper": 1.0005871324457933, "mean_H0_upper": 0.04622155235386649, "mean_H1_lower": 0.2274915960632523, "dynamic_loss": 0.01688544125377188, "error_per_side": 0.04318305017404198, "gap": -0.3258855170354259, "power_lower": 0.0, "false_alarm_upper": 0.0009671226384997896, "event": 6.723618764762194e-11, "elapsed_wall_seconds": 272.99810110000544}
