PHASE DESIGN_AND_CONTRACT
PHASE GENERATE_DEGREE8_ADJOINT_WITNESS
HEARTBEAT GENERATE_DEGREE8_ADJOINT_WITNESS {"function": "proposal", "n": 0, "backward_fast_steps_generated": 75999}
PROPOSAL 76000 steps
PHASE CERTIFY_RECURSIONS_ABEl_AND_SUPERSOLUTIONS
VERIFIED DEGREE 0 max defect 3.5180379941201975e-15
VERIFIED DEGREE 1 max defect 2.7300734573574537e-17
VERIFIED DEGREE 2 max defect 3.3903111709188995e-19
VERIFIED DEGREE 3 max defect 6.794716296023202e-21
HEARTBEAT CERTIFY_RECURSIONS_ABEl_AND_SUPERSOLUTIONS {"function": "verify_recursions", "n": 23241, "degree": 4}
VERIFIED DEGREE 4 max defect 1.2810885396466168e-22
VERIFIED DEGREE 5 max defect 2.1463303412538213e-24
VERIFIED DEGREE 6 max defect 4.850614465981405e-26
HEARTBEAT CERTIFY_RECURSIONS_ABEl_AND_SUPERSOLUTIONS {"function": "verify_recursions", "n": 19543, "degree": 7}
VERIFIED DEGREE 7 max defect 2.4930088863195887e-27
VERIFIED DEGREE 8 max defect 2.7365153759285768e-27
RESULT PASS variance 0.018110106601247712 0.018131329946649122 ratio 0.9994129677902771 1.000587123388041 Es 0.8749409543537704 J/S0 0.000408473951326581
PHASE UNIFORM_MEAN_AND_EVENT_RISK
PHASE COMPLETE
{"case": "D2A_H300_SWITCH_THEN_STAY_S120_POINT_LAST_FAST_READ", "status": "VALID_UNIFORM_CERTIFICATE_TARGET_NOT_MET", "arithmetic_risk_target_status": "VALID_UNIFORM_CERTIFICATE_TARGET_NOT_MET", "failure": ["RISK_TARGET_NOT_MET"], "variance_lower": 0.018110106601247712, "variance_upper": 0.018131329946649122, "variance_ratio_upper": 1.000587123388041, "mean_H0_upper": 0.018244110855570452, "mean_H1_lower": 0.020930648549155273, "dynamic_loss": 0.007180210474344838, "error_per_side": 0.018362764970951104, "gap": -0.45482845149158946, "power_lower": 0.0, "false_alarm_upper": 0.0009671226214426451, "event": 5.017904312752734e-11, "elapsed_wall_seconds": 114.72850600000311}
