PHASE DESIGN_AND_CONTRACT
PHASE GENERATE_DEGREE8_ADJOINT_WITNESS
HEARTBEAT GENERATE_DEGREE8_ADJOINT_WITNESS {"function": "proposal", "n": 0, "backward_fast_steps_generated": 75999}
PROPOSAL 76000 steps
PHASE CERTIFY_RECURSIONS_ABEl_AND_SUPERSOLUTIONS
HEARTBEAT CERTIFY_RECURSIONS_ABEl_AND_SUPERSOLUTIONS {"function": "certify"}
VERIFIED DEGREE 0 max defect 1.4731111898403308e-16
VERIFIED DEGREE 1 max defect 1.4124180037011691e-18
VERIFIED DEGREE 2 max defect 8.555346144100694e-21
HEARTBEAT CERTIFY_RECURSIONS_ABEl_AND_SUPERSOLUTIONS {"function": "verify_recursions", "n": 15508, "degree": 3}
VERIFIED DEGREE 3 max defect 1.3668940072736396e-22
HEARTBEAT CERTIFY_RECURSIONS_ABEl_AND_SUPERSOLUTIONS {"function": "verify_recursions", "n": 42156, "degree": 4}
VERIFIED DEGREE 4 max defect 2.6736216730550242e-24
HEARTBEAT CERTIFY_RECURSIONS_ABEl_AND_SUPERSOLUTIONS {"function": "verify_recursions", "n": 55976, "degree": 5}
VERIFIED DEGREE 5 max defect 4.048053364720597e-26
HEARTBEAT CERTIFY_RECURSIONS_ABEl_AND_SUPERSOLUTIONS {"function": "verify_recursions", "n": 57285, "degree": 6}
VERIFIED DEGREE 6 max defect 9.87593560705145e-28
HEARTBEAT CERTIFY_RECURSIONS_ABEl_AND_SUPERSOLUTIONS {"function": "verify_recursions", "n": 56354, "degree": 7}
VERIFIED DEGREE 7 max defect 2.3694926478890805e-29
HEARTBEAT CERTIFY_RECURSIONS_ABEl_AND_SUPERSOLUTIONS {"function": "verify_recursions", "n": 47566, "degree": 8}
VERIFIED DEGREE 8 max defect 2.1180353518001948e-29
RESULT PASS variance 5.27179635264294e-07 5.297738199626704e-07 ratio 0.9975349935236849 1.0024774646428198 Es 0.12628009066429227 J/S0 0.00034545131627784043
PHASE UNIFORM_MEAN_AND_EVENT_RISK
PHASE COMPLETE
{"case": "D2A_H300_TERMINAL_BALANCED_AVERAGE250", "status": "CERTIFIED_TARGET_PASS", "arithmetic_risk_target_status": "CERTIFIED_TARGET_PASS", "failure": [], "variance_lower": 5.27179635264294e-07, "variance_upper": 5.297738199626704e-07, "variance_ratio_upper": 1.0024774646428198, "mean_H0_upper": 0.027167124367394865, "mean_H1_lower": 0.15248658601993398, "dynamic_loss": 0.0013692834559075147, "error_per_side": 0.001833511317719033, "gap": 0.11937789016940115, "power_lower": 0.9999999999493263, "false_alarm_upper": 0.0009671226219373297, "event": 5.067372780749528e-11, "elapsed_wall_seconds": 266.49566499999855}
