PHASE DESIGN_AND_CONTRACT
PHASE GENERATE_DEGREE8_ADJOINT_WITNESS
HEARTBEAT GENERATE_DEGREE8_ADJOINT_WITNESS {"function": "proposal", "n": 0, "backward_fast_steps_generated": 60999}
PROPOSAL 61000 steps
PHASE CERTIFY_RECURSIONS_ABEl_AND_SUPERSOLUTIONS
VERIFIED DEGREE 0 max defect 2.5435564309848365e-15
VERIFIED DEGREE 1 max defect 1.6857401603255865e-17
VERIFIED DEGREE 2 max defect 2.2542224887258703e-19
HEARTBEAT CERTIFY_RECURSIONS_ABEl_AND_SUPERSOLUTIONS {"function": "verify_recursions", "n": 39785, "degree": 3}
VERIFIED DEGREE 3 max defect 4.1304487979343274e-21
VERIFIED DEGREE 4 max defect 9.957801426241063e-23
HEARTBEAT CERTIFY_RECURSIONS_ABEl_AND_SUPERSOLUTIONS {"function": "verify_recursions", "n": 49334, "degree": 5}
VERIFIED DEGREE 5 max defect 1.3823960324095314e-24
VERIFIED DEGREE 6 max defect 4.123020036183205e-26
HEARTBEAT CERTIFY_RECURSIONS_ABEl_AND_SUPERSOLUTIONS {"function": "verify_recursions", "n": 35428, "degree": 7}
VERIFIED DEGREE 7 max defect 1.5377508002184798e-27
HEARTBEAT CERTIFY_RECURSIONS_ABEl_AND_SUPERSOLUTIONS {"function": "verify_recursions", "n": 59394, "degree": 8}
VERIFIED DEGREE 8 max defect 1.688006864695111e-27
RESULT PASS variance 0.01811010636815511 0.01813133004038952 ratio 0.9994129587949747 1.0005871323844475 Es 0.8749347374856665 J/S0 0.00040848430323745395
PHASE UNIFORM_MEAN_AND_EVENT_RISK
PHASE COMPLETE
{"case": "D2A_H240_FIXED40_POINT_LAST_FAST_READ", "status": "VALID_UNIFORM_CERTIFICATE_TARGET_NOT_MET", "arithmetic_risk_target_status": "VALID_UNIFORM_CERTIFICATE_TARGET_NOT_MET", "failure": ["RISK_TARGET_NOT_MET"], "variance_lower": 0.01811010636815511, "variance_upper": 0.01813133004038952, "variance_ratio_upper": 1.0005871323844475, "mean_H0_upper": 0.039946814857699915, "mean_H1_lower": 0.08322833516639522, "dynamic_loss": 0.012269062800137913, "error_per_side": 0.03139252661387394, "gap": -0.44029299325008187, "power_lower": 0.0, "false_alarm_upper": 0.0009671226116041061, "event": 4.034050415944494e-11, "elapsed_wall_seconds": 154.9139914999978}
