PHASE DESIGN_AND_CONTRACT
PHASE GENERATE_DEGREE8_ADJOINT_WITNESS
HEARTBEAT GENERATE_DEGREE8_ADJOINT_WITNESS {"function": "proposal", "n": 0, "backward_fast_steps_generated": 75999}
PROPOSAL 76000 steps
PHASE CERTIFY_RECURSIONS_ABEl_AND_SUPERSOLUTIONS
VERIFIED DEGREE 0 max defect 2.2320942311398357e-15
HEARTBEAT CERTIFY_RECURSIONS_ABEl_AND_SUPERSOLUTIONS {"function": "verify_recursions", "n": 49113, "degree": 1}
VERIFIED DEGREE 1 max defect 1.4760838354910656e-17
VERIFIED DEGREE 2 max defect 1.682343644567533e-19
VERIFIED DEGREE 3 max defect 3.0325804349971492e-21
HEARTBEAT CERTIFY_RECURSIONS_ABEl_AND_SUPERSOLUTIONS {"function": "verify_recursions", "n": 13925, "degree": 4}
VERIFIED DEGREE 4 max defect 7.465076363398256e-23
HEARTBEAT CERTIFY_RECURSIONS_ABEl_AND_SUPERSOLUTIONS {"function": "verify_recursions", "n": 57557, "degree": 5}
VERIFIED DEGREE 5 max defect 1.3777067194710553e-24
VERIFIED DEGREE 6 max defect 2.4833271192305665e-26
HEARTBEAT CERTIFY_RECURSIONS_ABEl_AND_SUPERSOLUTIONS {"function": "verify_recursions", "n": 12356, "degree": 7}
VERIFIED DEGREE 7 max defect 1.1461556459264758e-27
HEARTBEAT CERTIFY_RECURSIONS_ABEl_AND_SUPERSOLUTIONS {"function": "verify_recursions", "n": 21160, "degree": 8}
VERIFIED DEGREE 8 max defect 1.2586186898800694e-27
RESULT PASS variance 0.018110106378229886 0.01813133005670578 ratio 0.9994129586186111 1.0005871325609466 Es 0.8749359146660447 J/S0 0.0004084842333495897
PHASE UNIFORM_MEAN_AND_EVENT_RISK
PHASE COMPLETE
{"case": "D2A_H300_FIXED20_POINT_LAST_FAST_READ", "status": "VALID_UNIFORM_CERTIFICATE_TARGET_NOT_MET", "arithmetic_risk_target_status": "VALID_UNIFORM_CERTIFICATE_TARGET_NOT_MET", "failure": ["RISK_TARGET_NOT_MET"], "variance_lower": 0.018110106378229886, "variance_upper": 0.01813133005670578, "variance_ratio_upper": 1.0005871325609466, "mean_H0_upper": 0.03788890679298912, "mean_H1_lower": 0.13755625883220968, "dynamic_loss": 0.014130231833555, "error_per_side": 0.036136841262762204, "gap": -0.39339579100666594, "power_lower": 0.0, "false_alarm_upper": 0.0009671226218548823, "event": 5.059128036083396e-11, "elapsed_wall_seconds": 208.93493519999902}
