PHASE DESIGN_AND_CONTRACT
PHASE GENERATE_DEGREE8_ADJOINT_WITNESS
HEARTBEAT GENERATE_DEGREE8_ADJOINT_WITNESS {"function": "proposal", "n": 0, "backward_fast_steps_generated": 75999}
PROPOSAL 76000 steps
PHASE CERTIFY_RECURSIONS_ABEl_AND_SUPERSOLUTIONS
HEARTBEAT CERTIFY_RECURSIONS_ABEl_AND_SUPERSOLUTIONS {"function": "certify"}
VERIFIED DEGREE 0 max defect 1.4732415071227667e-16
VERIFIED DEGREE 1 max defect 1.4080563757157058e-18
VERIFIED DEGREE 2 max defect 9.73960459257692e-21
HEARTBEAT CERTIFY_RECURSIONS_ABEl_AND_SUPERSOLUTIONS {"function": "verify_recursions", "n": 17851, "degree": 3}
VERIFIED DEGREE 3 max defect 1.4265359464946518e-22
HEARTBEAT CERTIFY_RECURSIONS_ABEl_AND_SUPERSOLUTIONS {"function": "verify_recursions", "n": 59503, "degree": 4}
VERIFIED DEGREE 4 max defect 2.2433797293673662e-24
HEARTBEAT CERTIFY_RECURSIONS_ABEl_AND_SUPERSOLUTIONS {"function": "verify_recursions", "n": 75129, "degree": 5}
VERIFIED DEGREE 5 max defect 3.8073249349028926e-26
VERIFIED DEGREE 6 max defect 9.31817131612686e-28
HEARTBEAT CERTIFY_RECURSIONS_ABEl_AND_SUPERSOLUTIONS {"function": "verify_recursions", "n": 10231, "degree": 7}
HEARTBEAT CERTIFY_RECURSIONS_ABEl_AND_SUPERSOLUTIONS {"function": "verify_recursions", "n": 69946, "degree": 7}
VERIFIED DEGREE 7 max defect 2.0533799125629452e-29
HEARTBEAT CERTIFY_RECURSIONS_ABEl_AND_SUPERSOLUTIONS {"function": "verify_recursions", "n": 61644, "degree": 8}
VERIFIED DEGREE 8 max defect 2.231563607129029e-29
RESULT PASS variance 5.387428985680951e-07 5.414592799953783e-07 ratio 0.9974741664351997 1.0025380949982254 Es 0.1265249346384489 J/S0 0.00033903016692337084
PHASE UNIFORM_MEAN_AND_EVENT_RISK
PHASE COMPLETE
{"case": "D2A_H300_FIXED20_AVERAGE250", "status": "CERTIFIED_TARGET_PASS", "arithmetic_risk_target_status": "CERTIFIED_TARGET_PASS", "failure": [], "variance_lower": 5.387428985680951e-07, "variance_upper": 5.414592799953783e-07, "variance_ratio_upper": 1.0025380949982254, "mean_H0_upper": 0.02506795902851992, "mean_H1_lower": 0.14993121386614267, "dynamic_loss": 0.0013338874233554483, "error_per_side": 0.0017861149762189803, "gap": 0.11899152748766399, "power_lower": 0.9999999999494087, "false_alarm_upper": 0.0009671226218548823, "event": 5.059128036083396e-11, "elapsed_wall_seconds": 254.59948249999798}
