PHASE DESIGN_AND_CONTRACT
PHASE GENERATE_DEGREE8_ADJOINT_WITNESS
PROPOSAL 51000 steps
PHASE CERTIFY_RECURSIONS_ABEl_AND_SUPERSOLUTIONS
VERIFIED DEGREE 0 max defect 2.4140296275555035e-16
HEARTBEAT CERTIFY_RECURSIONS_ABEl_AND_SUPERSOLUTIONS {"function": "verify_recursions", "n": 19277, "degree": 1}
VERIFIED DEGREE 1 max defect 2.6107584116637366e-18
VERIFIED DEGREE 2 max defect 1.6450147100228354e-20
VERIFIED DEGREE 3 max defect 3.3906452485652786e-22
VERIFIED DEGREE 4 max defect 3.9419946270289526e-24
HEARTBEAT CERTIFY_RECURSIONS_ABEl_AND_SUPERSOLUTIONS {"function": "verify_recursions", "n": 18097, "degree": 5}
VERIFIED DEGREE 5 max defect 5.921617202364146e-26
VERIFIED DEGREE 6 max defect 1.0086047289805953e-27
HEARTBEAT CERTIFY_RECURSIONS_ABEl_AND_SUPERSOLUTIONS {"function": "verify_recursions", "n": 33665, "degree": 7}
VERIFIED DEGREE 7 max defect 3.462242338978796e-29
VERIFIED DEGREE 8 max defect 3.7412488949252486e-29
RESULT PASS variance 5.822203489439219e-07 5.853438272455789e-07 ratio 0.9973119922304845 1.0026994619953478 Es 0.12737194939968766 J/S0 0.000274832633435515
PHASE UNIFORM_MEAN_AND_EVENT_RISK
PHASE COMPLETE
{"case": "D2A_H200_SWITCH_THEN_STAY_S160_AVERAGE250", "status": "CERTIFIED_TARGET_PASS", "arithmetic_risk_target_status": "CERTIFIED_TARGET_PASS", "failure": [], "variance_lower": 5.822203489439219e-07, "variance_upper": 5.853438272455789e-07, "variance_ratio_upper": 1.0026994619953478, "mean_H0_upper": 0.017108504971335724, "mean_H1_lower": 0.05219276748500862, "dynamic_loss": 0.0009172083826243855, "error_per_side": 0.0012281693341091298, "gap": 0.030237056155065823, "power_lower": 0.9999999999660536, "false_alarm_upper": 0.0009671226052099751, "event": 3.394637307404598e-11, "elapsed_wall_seconds": 113.39890559999913}
