PHASE DESIGN_AND_CONTRACT
PHASE GENERATE_DEGREE8_ADJOINT_WITNESS
HEARTBEAT GENERATE_DEGREE8_ADJOINT_WITNESS {"function": "proposal", "n": 0, "backward_fast_steps_generated": 60999}
PROPOSAL 61000 steps
PHASE CERTIFY_RECURSIONS_ABEl_AND_SUPERSOLUTIONS
VERIFIED DEGREE 0 max defect 3.0337679753089017e-15
VERIFIED DEGREE 1 max defect 2.394351852906621e-17
VERIFIED DEGREE 2 max defect 2.5842318901033526e-19
HEARTBEAT CERTIFY_RECURSIONS_ABEl_AND_SUPERSOLUTIONS {"function": "verify_recursions", "n": 42077, "degree": 3}
VERIFIED DEGREE 3 max defect 5.735079461819135e-21
VERIFIED DEGREE 4 max defect 8.512556270858416e-23
VERIFIED DEGREE 5 max defect 2.1685837727461505e-24
HEARTBEAT CERTIFY_RECURSIONS_ABEl_AND_SUPERSOLUTIONS {"function": "verify_recursions", "n": 20289, "degree": 6}
VERIFIED DEGREE 6 max defect 5.20843584914581e-26
VERIFIED DEGREE 7 max defect 1.9210130836793054e-27
HEARTBEAT CERTIFY_RECURSIONS_ABEl_AND_SUPERSOLUTIONS {"function": "verify_recursions", "n": 13892, "degree": 8}
VERIFIED DEGREE 8 max defect 2.108004462676185e-27
RESULT PASS variance 0.018110106397342396 0.018131330079722795 ratio 0.9994129585041975 1.000587132675546 Es 0.8749377940544193 J/S0 0.00040848395362898655
PHASE UNIFORM_MEAN_AND_EVENT_RISK
PHASE COMPLETE
{"case": "D2A_H240_SWITCH_THEN_STAY_S160_POINT_LAST_FAST_READ", "status": "VALID_UNIFORM_CERTIFICATE_TARGET_NOT_MET", "arithmetic_risk_target_status": "VALID_UNIFORM_CERTIFICATE_TARGET_NOT_MET", "failure": ["RISK_TARGET_NOT_MET"], "variance_lower": 0.018110106397342396, "variance_upper": 0.018131330079722795, "variance_ratio_upper": 1.000587132675546, "mean_H0_upper": 0.02597456115652978, "mean_H1_lower": 0.0437023086451365, "dynamic_loss": 0.009731995079106347, "error_per_side": 0.02488873257610024, "gap": -0.45283917845104377, "power_lower": 0.0, "false_alarm_upper": 0.000967122611769001, "event": 4.050539905276759e-11, "elapsed_wall_seconds": 140.329651}
