PHASE DESIGN_AND_CONTRACT
PHASE GENERATE_DEGREE8_ADJOINT_WITNESS
HEARTBEAT GENERATE_DEGREE8_ADJOINT_WITNESS {"function": "proposal", "n": 0, "backward_fast_steps_generated": 75999}
PROPOSAL 76000 steps
PHASE CERTIFY_RECURSIONS_ABEl_AND_SUPERSOLUTIONS
VERIFIED DEGREE 0 max defect 1.9358773380993018e-16
HEARTBEAT CERTIFY_RECURSIONS_ABEl_AND_SUPERSOLUTIONS {"function": "verify_recursions", "n": 74069, "degree": 1}
VERIFIED DEGREE 1 max defect 1.4527036994018929e-18
VERIFIED DEGREE 2 max defect 8.352272035715797e-21
VERIFIED DEGREE 3 max defect 1.769360583971856e-22
HEARTBEAT CERTIFY_RECURSIONS_ABEl_AND_SUPERSOLUTIONS {"function": "verify_recursions", "n": 24247, "degree": 4}
VERIFIED DEGREE 4 max defect 2.374455852352511e-24
HEARTBEAT CERTIFY_RECURSIONS_ABEl_AND_SUPERSOLUTIONS {"function": "verify_recursions", "n": 56459, "degree": 5}
VERIFIED DEGREE 5 max defect 4.1879015615301063e-26
HEARTBEAT CERTIFY_RECURSIONS_ABEl_AND_SUPERSOLUTIONS {"function": "verify_recursions", "n": 71103, "degree": 6}
VERIFIED DEGREE 6 max defect 1.0201442442509137e-27
HEARTBEAT CERTIFY_RECURSIONS_ABEl_AND_SUPERSOLUTIONS {"function": "verify_recursions", "n": 74050, "degree": 7}
VERIFIED DEGREE 7 max defect 2.3376278710554732e-29
HEARTBEAT CERTIFY_RECURSIONS_ABEl_AND_SUPERSOLUTIONS {"function": "verify_recursions", "n": 68494, "degree": 8}
VERIFIED DEGREE 8 max defect 2.542012416351934e-29
RESULT PASS variance 4.909543377703028e-07 4.931201726225618e-07 ratio 0.9977905051174742 1.0022224998646294 Es 0.12543834464391163 J/S0 0.00032281445032246556
PHASE UNIFORM_MEAN_AND_EVENT_RISK
PHASE COMPLETE
{"case": "D2A_H300_FIXED40_AVERAGE250", "status": "CERTIFIED_TARGET_PASS", "arithmetic_risk_target_status": "CERTIFIED_TARGET_PASS", "failure": [], "variance_lower": 4.909543377703028e-07, "variance_upper": 4.931201726225618e-07, "variance_ratio_upper": 1.0022224998646294, "mean_H0_upper": 0.037106514715711574, "mean_H1_lower": 0.14137479841242145, "dynamic_loss": 0.0013794796268066564, "error_per_side": 0.0018475957946473868, "gap": 0.09837863848845499, "power_lower": 0.9999999999497385, "false_alarm_upper": 0.0009671226215250925, "event": 5.026149057418866e-11, "elapsed_wall_seconds": 222.41178530000252}
