PHASE DESIGN_AND_CONTRACT
PHASE GENERATE_DEGREE8_ADJOINT_WITNESS
PROPOSAL 51000 steps
PHASE CERTIFY_RECURSIONS_ABEl_AND_SUPERSOLUTIONS
VERIFIED DEGREE 0 max defect 2.400162201136422e-15
HEARTBEAT CERTIFY_RECURSIONS_ABEl_AND_SUPERSOLUTIONS {"function": "verify_recursions", "n": 48745, "degree": 1}
VERIFIED DEGREE 1 max defect 1.6167743623690457e-17
VERIFIED DEGREE 2 max defect 2.590372871082967e-19
VERIFIED DEGREE 3 max defect 3.990052935142214e-21
VERIFIED DEGREE 4 max defect 7.753947991416552e-23
HEARTBEAT CERTIFY_RECURSIONS_ABEl_AND_SUPERSOLUTIONS {"function": "verify_recursions", "n": 39843, "degree": 5}
VERIFIED DEGREE 5 max defect 1.5985896904125874e-24
VERIFIED DEGREE 6 max defect 3.2417178557883245e-26
VERIFIED DEGREE 7 max defect 1.4756046280047474e-27
HEARTBEAT CERTIFY_RECURSIONS_ABEl_AND_SUPERSOLUTIONS {"function": "verify_recursions", "n": 10106, "degree": 8}
VERIFIED DEGREE 8 max defect 1.619629698741872e-27
RESULT PASS variance 0.018110106397843866 0.018131330088444798 ratio 0.9994129582759702 1.0005871329038512 Es 0.8749382051657919 J/S0 0.00040848409682859584
PHASE UNIFORM_MEAN_AND_EVENT_RISK
PHASE COMPLETE
{"case": "D2A_H200_TERMINAL_BALANCED_POINT_LAST_FAST_READ", "status": "VALID_UNIFORM_CERTIFICATE_TARGET_NOT_MET", "arithmetic_risk_target_status": "VALID_UNIFORM_CERTIFICATE_TARGET_NOT_MET", "failure": ["RISK_TARGET_NOT_MET"], "variance_lower": 0.018110106397843866, "variance_upper": 0.018131330088444798, "variance_ratio_upper": 1.0005871329038512, "mean_H0_upper": 0.02682727839538627, "mean_H1_lower": 0.06372182272227137, "dynamic_loss": 0.010621872324370608, "error_per_side": 0.02716451638023393, "gap": -0.4382239493222423, "power_lower": 0.0, "false_alarm_upper": 0.00096712260537487, "event": 3.411126796736863e-11, "elapsed_wall_seconds": 108.01204770000004}
