PHASE DESIGN_AND_CONTRACT
PHASE GENERATE_DEGREE8_ADJOINT_WITNESS
HEARTBEAT GENERATE_DEGREE8_ADJOINT_WITNESS {"function": "proposal", "n": 0, "backward_fast_steps_generated": 100999}
HEARTBEAT GENERATE_DEGREE8_ADJOINT_WITNESS {"function": "proposal", "n": 0, "backward_fast_steps_generated": 100999}
PROPOSAL 101000 steps
PHASE CERTIFY_RECURSIONS_ABEl_AND_SUPERSOLUTIONS
VERIFIED DEGREE 0 max defect 1.308009591777415e-16
VERIFIED DEGREE 1 max defect 1.2864140785754704e-18
HEARTBEAT CERTIFY_RECURSIONS_ABEl_AND_SUPERSOLUTIONS {"function": "verify_recursions", "n": 38664, "degree": 2}
VERIFIED DEGREE 2 max defect 9.978481678656453e-21
HEARTBEAT CERTIFY_RECURSIONS_ABEl_AND_SUPERSOLUTIONS {"function": "verify_recursions", "n": 96129, "degree": 3}
VERIFIED DEGREE 3 max defect 1.1183339075072476e-22
VERIFIED DEGREE 4 max defect 1.450468023992642e-24
HEARTBEAT CERTIFY_RECURSIONS_ABEl_AND_SUPERSOLUTIONS {"function": "verify_recursions", "n": 22595, "degree": 5}
VERIFIED DEGREE 5 max defect 3.718084225217429e-26
HEARTBEAT CERTIFY_RECURSIONS_ABEl_AND_SUPERSOLUTIONS {"function": "verify_recursions", "n": 22695, "degree": 6}
VERIFIED DEGREE 6 max defect 8.101608255942478e-28
HEARTBEAT CERTIFY_RECURSIONS_ABEl_AND_SUPERSOLUTIONS {"function": "verify_recursions", "n": 10006, "degree": 7}
HEARTBEAT CERTIFY_RECURSIONS_ABEl_AND_SUPERSOLUTIONS {"function": "verify_recursions", "n": 87218, "degree": 7}
VERIFIED DEGREE 7 max defect 1.859834610578198e-29
HEARTBEAT CERTIFY_RECURSIONS_ABEl_AND_SUPERSOLUTIONS {"function": "verify_recursions", "n": 65963, "degree": 8}
VERIFIED DEGREE 8 max defect 2.0153676067953694e-29
RESULT PASS variance 4.7464316164491823e-07 4.766009482662844e-07 ratio 0.9979344735632419 1.002078895047962 Es 0.12500963903365123 J/S0 0.00036343796384720765
PHASE UNIFORM_MEAN_AND_EVENT_RISK
PHASE COMPLETE
{"case": "D2A_H400_FIXED40_AVERAGE250", "status": "CERTIFIED_TARGET_PASS", "arithmetic_risk_target_status": "CERTIFIED_TARGET_PASS", "failure": [], "variance_lower": 4.7464316164491823e-07, "variance_upper": 4.766009482662844e-07, "variance_ratio_upper": 1.002078895047962, "mean_H0_upper": 0.04685716654987515, "mean_H1_lower": 0.24624438818576008, "dynamic_loss": 0.0016956888681386967, "error_per_side": 0.002270805632063618, "gap": 0.19268822627628165, "power_lower": 0.999999999933176, "false_alarm_upper": 0.0009671226380875524, "event": 6.682395041431532e-11, "elapsed_wall_seconds": 295.5622519999961}
