PHASE DESIGN_AND_CONTRACT
PHASE GENERATE_DEGREE8_ADJOINT_WITNESS
PROPOSAL 51000 steps
PHASE CERTIFY_RECURSIONS_ABEl_AND_SUPERSOLUTIONS
VERIFIED DEGREE 0 max defect 2.2813989603447685e-16
VERIFIED DEGREE 1 max defect 2.2087157498606425e-18
HEARTBEAT CERTIFY_RECURSIONS_ABEl_AND_SUPERSOLUTIONS {"function": "verify_recursions", "n": 9795, "degree": 2}
VERIFIED DEGREE 2 max defect 1.725039121344017e-20
VERIFIED DEGREE 3 max defect 1.6210564400143308e-22
VERIFIED DEGREE 4 max defect 2.4828405419968497e-24
HEARTBEAT CERTIFY_RECURSIONS_ABEl_AND_SUPERSOLUTIONS {"function": "verify_recursions", "n": 41513, "degree": 5}
VERIFIED DEGREE 5 max defect 6.997075991464231e-26
VERIFIED DEGREE 6 max defect 9.506369424403319e-28
VERIFIED DEGREE 7 max defect 2.787192673833822e-29
HEARTBEAT CERTIFY_RECURSIONS_ABEl_AND_SUPERSOLUTIONS {"function": "verify_recursions", "n": 16304, "degree": 8}
VERIFIED DEGREE 8 max defect 3.0544226579425246e-29
RESULT PASS variance 5.906176677471808e-07 5.938268864219155e-07 ratio 0.997277508683759 1.0027338876046055 Es 0.12752465777498848 J/S0 0.00029764511357061664
PHASE UNIFORM_MEAN_AND_EVENT_RISK
PHASE COMPLETE
{"case": "D2A_H200_FIXED20_AVERAGE250", "status": "CERTIFIED_TARGET_PASS", "arithmetic_risk_target_status": "CERTIFIED_TARGET_PASS", "failure": [], "variance_lower": 5.906176677471808e-07, "variance_upper": 5.938268864219155e-07, "variance_ratio_upper": 1.0027338876046055, "mean_H0_upper": 0.017894670559099893, "mean_H1_lower": 0.07295142861206634, "dynamic_loss": 0.0010030246644766713, "error_per_side": 0.001343079890679354, "gap": 0.04996246814893703, "power_lower": 0.9999999999660536, "false_alarm_upper": 0.0009671226052099751, "event": 3.394637307404598e-11, "elapsed_wall_seconds": 106.06654999999955}
