PHASE DESIGN_AND_CONTRACT
PHASE GENERATE_DEGREE8_ADJOINT_WITNESS
HEARTBEAT GENERATE_DEGREE8_ADJOINT_WITNESS {"function": "proposal", "n": 0, "backward_fast_steps_generated": 60999}
PROPOSAL 61000 steps
PHASE CERTIFY_RECURSIONS_ABEl_AND_SUPERSOLUTIONS
VERIFIED DEGREE 0 max defect 3.556572877729659e-15
VERIFIED DEGREE 1 max defect 2.1527526761238335e-17
VERIFIED DEGREE 2 max defect 2.926843683931677e-19
HEARTBEAT CERTIFY_RECURSIONS_ABEl_AND_SUPERSOLUTIONS {"function": "verify_recursions", "n": 33394, "degree": 3}
VERIFIED DEGREE 3 max defect 4.408508071324565e-21
VERIFIED DEGREE 4 max defect 8.010616828105332e-23
HEARTBEAT CERTIFY_RECURSIONS_ABEl_AND_SUPERSOLUTIONS {"function": "verify_recursions", "n": 49584, "degree": 5}
VERIFIED DEGREE 5 max defect 1.3961740789330916e-24
VERIFIED DEGREE 6 max defect 3.612302049869224e-26
HEARTBEAT CERTIFY_RECURSIONS_ABEl_AND_SUPERSOLUTIONS {"function": "verify_recursions", "n": 29439, "degree": 7}
VERIFIED DEGREE 7 max defect 1.6580319310835945e-27
HEARTBEAT CERTIFY_RECURSIONS_ABEl_AND_SUPERSOLUTIONS {"function": "verify_recursions", "n": 42608, "degree": 8}
VERIFIED DEGREE 8 max defect 1.8150217426367036e-27
RESULT PASS variance 0.018110106385051866 0.018131330067613586 ratio 0.9994129585030571 1.0005871326765912 Es 0.8749367057956277 J/S0 0.0004084841833627092
PHASE UNIFORM_MEAN_AND_EVENT_RISK
PHASE COMPLETE
{"case": "D2A_H240_SWITCH_THEN_STAY_S200_POINT_LAST_FAST_READ", "status": "VALID_UNIFORM_CERTIFICATE_TARGET_NOT_MET", "arithmetic_risk_target_status": "VALID_UNIFORM_CERTIFICATE_TARGET_NOT_MET", "failure": ["RISK_TARGET_NOT_MET"], "variance_lower": 0.018110106385051866, "variance_upper": 0.018131330067613586, "variance_ratio_upper": 1.0005871326765912, "mean_H0_upper": 0.03129957588724622, "mean_H1_lower": 0.06961048523301702, "dynamic_loss": 0.011415443784537089, "error_per_side": 0.029194006499327022, "gap": -0.4408665642998188, "power_lower": 0.0, "false_alarm_upper": 0.0009671226119338959, "event": 4.067029394609023e-11, "elapsed_wall_seconds": 162.529459399997}
