PHASE DESIGN_AND_CONTRACT
PHASE GENERATE_DEGREE8_ADJOINT_WITNESS
HEARTBEAT GENERATE_DEGREE8_ADJOINT_WITNESS {"function": "proposal", "n": 0, "backward_fast_steps_generated": 60999}
PROPOSAL 61000 steps
PHASE CERTIFY_RECURSIONS_ABEl_AND_SUPERSOLUTIONS
VERIFIED DEGREE 0 max defect 2.4140296275555035e-16
VERIFIED DEGREE 1 max defect 2.6107584116637366e-18
VERIFIED DEGREE 2 max defect 1.6450147100228354e-20
HEARTBEAT CERTIFY_RECURSIONS_ABEl_AND_SUPERSOLUTIONS {"function": "verify_recursions", "n": 37266, "degree": 3}
VERIFIED DEGREE 3 max defect 3.3906452485652786e-22
VERIFIED DEGREE 4 max defect 3.9419946270289526e-24
VERIFIED DEGREE 5 max defect 5.921617202364146e-26
HEARTBEAT CERTIFY_RECURSIONS_ABEl_AND_SUPERSOLUTIONS {"function": "verify_recursions", "n": 13168, "degree": 6}
VERIFIED DEGREE 6 max defect 1.0086047289805953e-27
VERIFIED DEGREE 7 max defect 3.462242338978796e-29
HEARTBEAT CERTIFY_RECURSIONS_ABEl_AND_SUPERSOLUTIONS {"function": "verify_recursions", "n": 7598, "degree": 8}
VERIFIED DEGREE 8 max defect 3.7412488949252486e-29
RESULT PASS variance 5.822203489438839e-07 5.853438272456171e-07 ratio 0.9973119922303527 1.0026994619954805 Es 0.12737194940289998 J/S0 0.000274832633435515
PHASE UNIFORM_MEAN_AND_EVENT_RISK
PHASE COMPLETE
{"case": "D2A_H240_SWITCH_THEN_STAY_S160_AVERAGE250", "status": "CERTIFIED_TARGET_PASS", "arithmetic_risk_target_status": "CERTIFIED_TARGET_PASS", "failure": [], "variance_lower": 5.822203489438839e-07, "variance_upper": 5.853438272456171e-07, "variance_ratio_upper": 1.0026994619954805, "mean_H0_upper": 0.017108504971335724, "mean_H1_lower": 0.05219276748500862, "dynamic_loss": 0.0009172083826243855, "error_per_side": 0.0012281693341091298, "gap": 0.030237056155065743, "power_lower": 0.9999999999594946, "false_alarm_upper": 0.000967122611769001, "event": 4.050539905276759e-11, "elapsed_wall_seconds": 142.18232839999837}
