PHASE DESIGN_AND_CONTRACT
PHASE GENERATE_DEGREE8_ADJOINT_WITNESS
HEARTBEAT GENERATE_DEGREE8_ADJOINT_WITNESS {"function": "proposal", "n": 0, "backward_fast_steps_generated": 75999}
PROPOSAL 76000 steps
PHASE CERTIFY_RECURSIONS_ABEl_AND_SUPERSOLUTIONS
VERIFIED DEGREE 0 max defect 2.898949844380604e-15
VERIFIED DEGREE 1 max defect 1.8366056175737933e-17
HEARTBEAT CERTIFY_RECURSIONS_ABEl_AND_SUPERSOLUTIONS {"function": "verify_recursions", "n": 8043, "degree": 2}
VERIFIED DEGREE 2 max defect 2.9054518437745185e-19
VERIFIED DEGREE 3 max defect 5.002124609012098e-21
HEARTBEAT CERTIFY_RECURSIONS_ABEl_AND_SUPERSOLUTIONS {"function": "verify_recursions", "n": 34426, "degree": 4}
VERIFIED DEGREE 4 max defect 9.608109803523438e-23
VERIFIED DEGREE 5 max defect 1.504826142750231e-24
HEARTBEAT CERTIFY_RECURSIONS_ABEl_AND_SUPERSOLUTIONS {"function": "verify_recursions", "n": 10386, "degree": 6}
VERIFIED DEGREE 6 max defect 3.002642051954814e-26
HEARTBEAT CERTIFY_RECURSIONS_ABEl_AND_SUPERSOLUTIONS {"function": "verify_recursions", "n": 33321, "degree": 7}
VERIFIED DEGREE 7 max defect 1.3881182110402695e-27
HEARTBEAT CERTIFY_RECURSIONS_ABEl_AND_SUPERSOLUTIONS {"function": "verify_recursions", "n": 43322, "degree": 8}
VERIFIED DEGREE 8 max defect 1.5235924779263365e-27
RESULT PASS variance 0.018110106373170384 0.018131330048518135 ratio 0.9994129587069845 1.0005871324725053 Es 0.8749353240941026 J/S0 0.00040848426849743655
PHASE UNIFORM_MEAN_AND_EVENT_RISK
PHASE COMPLETE
{"case": "D2A_H300_SWITCH_THEN_STAY_S260_POINT_LAST_FAST_READ", "status": "VALID_UNIFORM_CERTIFICATE_TARGET_NOT_MET", "arithmetic_risk_target_status": "VALID_UNIFORM_CERTIFICATE_TARGET_NOT_MET", "failure": ["RISK_TARGET_NOT_MET"], "variance_lower": 0.018110106373170384, "variance_upper": 0.018131330048518135, "variance_ratio_upper": 1.0005871324725053, "mean_H0_upper": 0.04046679687221123, "mean_H1_lower": 0.11579982843031371, "dynamic_loss": 0.01384848321319816, "error_per_side": 0.035416293624919534, "gap": -0.4162890161170898, "power_lower": 0.0, "false_alarm_upper": 0.0009671226219373297, "event": 5.067372780749528e-11, "elapsed_wall_seconds": 198.07476000000315}
