PHASE DESIGN_AND_CONTRACT
PHASE GENERATE_DEGREE8_ADJOINT_WITNESS
PROPOSAL 51000 steps
PHASE CERTIFY_RECURSIONS_ABEl_AND_SUPERSOLUTIONS
VERIFIED DEGREE 0 max defect 1.8359521384645702e-16
VERIFIED DEGREE 1 max defect 1.6172100998775056e-18
HEARTBEAT CERTIFY_RECURSIONS_ABEl_AND_SUPERSOLUTIONS {"function": "verify_recursions", "n": 10229, "degree": 2}
VERIFIED DEGREE 2 max defect 9.077363587953861e-21
VERIFIED DEGREE 3 max defect 1.7586661127057223e-22
VERIFIED DEGREE 4 max defect 2.5799275206644238e-24
HEARTBEAT CERTIFY_RECURSIONS_ABEl_AND_SUPERSOLUTIONS {"function": "verify_recursions", "n": 43187, "degree": 5}
VERIFIED DEGREE 5 max defect 5.891958166316562e-26
VERIFIED DEGREE 6 max defect 1.2360867949842288e-27
VERIFIED DEGREE 7 max defect 2.678945029558615e-29
HEARTBEAT CERTIFY_RECURSIONS_ABEl_AND_SUPERSOLUTIONS {"function": "verify_recursions", "n": 16895, "degree": 8}
VERIFIED DEGREE 8 max defect 2.853349114289544e-29
RESULT PASS variance 5.913106686874894e-07 5.945277410547049e-07 ratio 0.9972740557171034 1.0027373414170304 Es 0.1275371566191713 J/S0 0.00030160970623094725
PHASE UNIFORM_MEAN_AND_EVENT_RISK
PHASE COMPLETE
{"case": "D2A_H200_TERMINAL_BALANCED_AVERAGE250", "status": "CERTIFIED_TARGET_PASS", "arithmetic_risk_target_status": "CERTIFIED_TARGET_PASS", "failure": [], "variance_lower": 5.913106686874894e-07, "variance_upper": 5.945277410547049e-07, "variance_ratio_upper": 1.0027373414170304, "mean_H0_upper": 0.01718249574338172, "mean_H1_lower": 0.0730183349313954, "dynamic_loss": 0.0010021326729131419, "error_per_side": 0.0013418854874168407, "gap": 0.050742517431138376, "power_lower": 0.9999999999658887, "false_alarm_upper": 0.00096712260537487, "event": 3.411126796736863e-11, "elapsed_wall_seconds": 105.54319380000015}
