PHASE DESIGN_AND_CONTRACT
PHASE GENERATE_DEGREE8_ADJOINT_WITNESS
HEARTBEAT GENERATE_DEGREE8_ADJOINT_WITNESS {"function": "proposal", "n": 0, "backward_fast_steps_generated": 60999}
PROPOSAL 61000 steps
PHASE CERTIFY_RECURSIONS_ABEl_AND_SUPERSOLUTIONS
VERIFIED DEGREE 0 max defect 1.66183220722772e-16
VERIFIED DEGREE 1 max defect 1.7097731856052538e-18
HEARTBEAT CERTIFY_RECURSIONS_ABEl_AND_SUPERSOLUTIONS {"function": "verify_recursions", "n": 54097, "degree": 2}
VERIFIED DEGREE 2 max defect 9.647844466097475e-21
VERIFIED DEGREE 3 max defect 1.6696310043108783e-22
VERIFIED DEGREE 4 max defect 2.2597172422627778e-24
HEARTBEAT CERTIFY_RECURSIONS_ABEl_AND_SUPERSOLUTIONS {"function": "verify_recursions", "n": 27268, "degree": 5}
VERIFIED DEGREE 5 max defect 5.0751694313186473e-26
VERIFIED DEGREE 6 max defect 1.720336219717618e-27
HEARTBEAT CERTIFY_RECURSIONS_ABEl_AND_SUPERSOLUTIONS {"function": "verify_recursions", "n": 10114, "degree": 7}
VERIFIED DEGREE 7 max defect 2.759234131502943e-29
HEARTBEAT CERTIFY_RECURSIONS_ABEl_AND_SUPERSOLUTIONS {"function": "verify_recursions", "n": 36748, "degree": 8}
VERIFIED DEGREE 8 max defect 2.995559525208599e-29
RESULT PASS variance 5.119942701550584e-07 5.144061900011528e-07 ratio 0.997640217603678 1.0023723663280122 Es 0.1259424571934082 J/S0 0.0002935359737537064
PHASE UNIFORM_MEAN_AND_EVENT_RISK
PHASE COMPLETE
{"case": "D2A_H240_FIXED40_AVERAGE250", "status": "CERTIFIED_TARGET_PASS", "arithmetic_risk_target_status": "CERTIFIED_TARGET_PASS", "failure": [], "variance_lower": 5.119942701550584e-07, "variance_upper": 5.144061900011528e-07, "variance_ratio_upper": 1.0023723663280122, "mean_H0_upper": 0.028756098798849217, "mean_H1_lower": 0.09391729138757873, "dynamic_loss": 0.0011570505468750114, "error_per_side": 0.0015500095627097323, "gap": 0.05981985734343093, "power_lower": 0.9999999999596595, "false_alarm_upper": 0.0009671226116041061, "event": 4.034050415944494e-11, "elapsed_wall_seconds": 166.33727270000236}
