PHASE DESIGN_AND_CONTRACT
PHASE GENERATE_DEGREE8_ADJOINT_WITNESS
HEARTBEAT GENERATE_DEGREE8_ADJOINT_WITNESS {"function": "proposal", "n": 0, "backward_fast_steps_generated": 75999}
PROPOSAL 76000 steps
PHASE CERTIFY_RECURSIONS_ABEl_AND_SUPERSOLUTIONS
VERIFIED DEGREE 0 max defect 1.7383454262922405e-16
VERIFIED DEGREE 1 max defect 1.7294860150697882e-18
HEARTBEAT CERTIFY_RECURSIONS_ABEl_AND_SUPERSOLUTIONS {"function": "verify_recursions", "n": 74895, "degree": 1}
VERIFIED DEGREE 2 max defect 8.583126546804541e-21
VERIFIED DEGREE 3 max defect 1.275050503577809e-22
HEARTBEAT CERTIFY_RECURSIONS_ABEl_AND_SUPERSOLUTIONS {"function": "verify_recursions", "n": 29106, "degree": 4}
VERIFIED DEGREE 4 max defect 2.364079058225981e-24
HEARTBEAT CERTIFY_RECURSIONS_ABEl_AND_SUPERSOLUTIONS {"function": "verify_recursions", "n": 70255, "degree": 5}
VERIFIED DEGREE 5 max defect 3.8860515996680784e-26
VERIFIED DEGREE 6 max defect 9.561196163865208e-28
HEARTBEAT CERTIFY_RECURSIONS_ABEl_AND_SUPERSOLUTIONS {"function": "verify_recursions", "n": 23228, "degree": 7}
VERIFIED DEGREE 7 max defect 2.327653399338331e-29
HEARTBEAT CERTIFY_RECURSIONS_ABEl_AND_SUPERSOLUTIONS {"function": "verify_recursions", "n": 33588, "degree": 8}
VERIFIED DEGREE 8 max defect 2.5430964384343995e-29
RESULT PASS variance 5.156734790283679e-07 5.181356933641908e-07 ratio 0.9976082538373684 1.00240435272834 Es 0.1260261696933917 J/S0 0.0003297511728857674
PHASE UNIFORM_MEAN_AND_EVENT_RISK
PHASE COMPLETE
{"case": "D2A_H300_SWITCH_THEN_STAY_S280_AVERAGE250", "status": "CERTIFIED_TARGET_PASS", "arithmetic_risk_target_status": "CERTIFIED_TARGET_PASS", "failure": [], "variance_lower": 5.156734790283679e-07, "variance_upper": 5.181356933641908e-07, "variance_ratio_upper": 1.00240435272834, "mean_H0_upper": 0.03010670063958801, "mean_H1_lower": 0.14538596036250442, "dynamic_loss": 0.0013768062918089238, "error_per_side": 0.0018435846189826016, "gap": 0.10934266414018913, "power_lower": 0.9999999999493263, "false_alarm_upper": 0.0009671226219373297, "event": 5.067372780749528e-11, "elapsed_wall_seconds": 204.95020690000092}
