PHASE DESIGN_AND_CONTRACT
PHASE GENERATE_DEGREE8_ADJOINT_WITNESS
HEARTBEAT GENERATE_DEGREE8_ADJOINT_WITNESS {"function": "proposal", "n": 0, "backward_fast_steps_generated": 75999}
PROPOSAL 76000 steps
PHASE CERTIFY_RECURSIONS_ABEl_AND_SUPERSOLUTIONS
VERIFIED DEGREE 0 max defect 2.5648085416094678e-15
VERIFIED DEGREE 1 max defect 1.6112218312464098e-17
HEARTBEAT CERTIFY_RECURSIONS_ABEl_AND_SUPERSOLUTIONS {"function": "verify_recursions", "n": 41261, "degree": 2}
VERIFIED DEGREE 2 max defect 2.970431933762082e-19
VERIFIED DEGREE 3 max defect 6.762422746766082e-21
HEARTBEAT CERTIFY_RECURSIONS_ABEl_AND_SUPERSOLUTIONS {"function": "verify_recursions", "n": 58879, "degree": 4}
VERIFIED DEGREE 4 max defect 7.727038882303117e-23
VERIFIED DEGREE 5 max defect 1.470190615556893e-24
HEARTBEAT CERTIFY_RECURSIONS_ABEl_AND_SUPERSOLUTIONS {"function": "verify_recursions", "n": 33997, "degree": 6}
VERIFIED DEGREE 6 max defect 4.57644853029249e-26
HEARTBEAT CERTIFY_RECURSIONS_ABEl_AND_SUPERSOLUTIONS {"function": "verify_recursions", "n": 54773, "degree": 7}
VERIFIED DEGREE 7 max defect 1.4492086545567323e-27
HEARTBEAT CERTIFY_RECURSIONS_ABEl_AND_SUPERSOLUTIONS {"function": "verify_recursions", "n": 66331, "degree": 8}
VERIFIED DEGREE 8 max defect 1.590305280402197e-27
RESULT PASS variance 0.018110106372418076 0.018131330047296536 ratio 0.9994129587202389 1.0005871324592406 Es 0.8749352360226024 J/S0 0.00040848427366155064
PHASE UNIFORM_MEAN_AND_EVENT_RISK
PHASE COMPLETE
{"case": "D2A_H300_SWITCH_THEN_STAY_S240_POINT_LAST_FAST_READ", "status": "VALID_UNIFORM_CERTIFICATE_TARGET_NOT_MET", "arithmetic_risk_target_status": "VALID_UNIFORM_CERTIFICATE_TARGET_NOT_MET", "failure": ["RISK_TARGET_NOT_MET"], "variance_lower": 0.018110106372418076, "variance_upper": 0.018131330047296536, "variance_ratio_upper": 1.0005871324592406, "mean_H0_upper": 0.03921326425984083, "mean_H1_lower": 0.09959488018643571, "dynamic_loss": 0.01327837579034585, "error_per_side": 0.03395829338224742, "gap": -0.4283244312490778, "power_lower": 0.0, "false_alarm_upper": 0.0009671226217724349, "event": 5.050883291417263e-11, "elapsed_wall_seconds": 185.2393144000016}
