PHASE DESIGN_AND_CONTRACT
PHASE GENERATE_DEGREE8_ADJOINT_WITNESS
HEARTBEAT GENERATE_DEGREE8_ADJOINT_WITNESS {"function": "proposal", "n": 0, "backward_fast_steps_generated": 60999}
PROPOSAL 61000 steps
PHASE CERTIFY_RECURSIONS_ABEl_AND_SUPERSOLUTIONS
VERIFIED DEGREE 0 max defect 1.6512329509290559e-16
VERIFIED DEGREE 1 max defect 2.2522482232739258e-18
HEARTBEAT CERTIFY_RECURSIONS_ABEl_AND_SUPERSOLUTIONS {"function": "verify_recursions", "n": 38141, "degree": 2}
VERIFIED DEGREE 2 max defect 1.1319757244328847e-20
VERIFIED DEGREE 3 max defect 1.6200147034614894e-22
HEARTBEAT CERTIFY_RECURSIONS_ABEl_AND_SUPERSOLUTIONS {"function": "verify_recursions", "n": 53316, "degree": 4}
VERIFIED DEGREE 4 max defect 2.441859998858953e-24
VERIFIED DEGREE 5 max defect 4.9306177112254325e-26
HEARTBEAT CERTIFY_RECURSIONS_ABEl_AND_SUPERSOLUTIONS {"function": "verify_recursions", "n": 29243, "degree": 6}
VERIFIED DEGREE 6 max defect 1.3847417266480806e-27
HEARTBEAT CERTIFY_RECURSIONS_ABEl_AND_SUPERSOLUTIONS {"function": "verify_recursions", "n": 44481, "degree": 7}
VERIFIED DEGREE 7 max defect 2.843178978013862e-29
HEARTBEAT CERTIFY_RECURSIONS_ABEl_AND_SUPERSOLUTIONS {"function": "verify_recursions", "n": 55130, "degree": 8}
VERIFIED DEGREE 8 max defect 3.0230306226960634e-29
RESULT PASS variance 5.396931267096033e-07 5.424083878277156e-07 ratio 0.9974795276953329 1.0025326236104577 Es 0.1265445420968308 J/S0 0.00029988814527086695
PHASE UNIFORM_MEAN_AND_EVENT_RISK
PHASE COMPLETE
{"case": "D2A_H240_SWITCH_THEN_STAY_S220_AVERAGE250", "status": "CERTIFIED_TARGET_PASS", "arithmetic_risk_target_status": "CERTIFIED_TARGET_PASS", "failure": [], "variance_lower": 5.396931267096033e-07, "variance_upper": 5.424083878277156e-07, "variance_ratio_upper": 1.0025326236104577, "mean_H0_upper": 0.02374806564760337, "mean_H1_lower": 0.0949131249191363, "dynamic_loss": 0.0011643016157793576, "error_per_side": 0.0015590345304764984, "gap": 0.06574547833522928, "power_lower": 0.9999999999593298, "false_alarm_upper": 0.0009671226119338959, "event": 4.067029394609023e-11, "elapsed_wall_seconds": 188.9030375000002}
