PHASE DESIGN_AND_CONTRACT
PHASE GENERATE_DEGREE8_ADJOINT_WITNESS
HEARTBEAT GENERATE_DEGREE8_ADJOINT_WITNESS {"function": "proposal", "n": 0, "backward_fast_steps_generated": 75999}
PROPOSAL 76000 steps
PHASE CERTIFY_RECURSIONS_ABEl_AND_SUPERSOLUTIONS
VERIFIED DEGREE 0 max defect 2.092259894335332e-15
HEARTBEAT CERTIFY_RECURSIONS_ABEl_AND_SUPERSOLUTIONS {"function": "verify_recursions", "n": 65687, "degree": 1}
VERIFIED DEGREE 1 max defect 1.519308431919048e-17
VERIFIED DEGREE 2 max defect 2.2453671678473527e-19
VERIFIED DEGREE 3 max defect 3.998159064024657e-21
HEARTBEAT CERTIFY_RECURSIONS_ABEl_AND_SUPERSOLUTIONS {"function": "verify_recursions", "n": 24791, "degree": 4}
VERIFIED DEGREE 4 max defect 7.840286786221536e-23
HEARTBEAT CERTIFY_RECURSIONS_ABEl_AND_SUPERSOLUTIONS {"function": "verify_recursions", "n": 67590, "degree": 5}
VERIFIED DEGREE 5 max defect 1.4668700932114373e-24
VERIFIED DEGREE 6 max defect 4.127459373632551e-26
HEARTBEAT CERTIFY_RECURSIONS_ABEl_AND_SUPERSOLUTIONS {"function": "verify_recursions", "n": 21064, "degree": 7}
VERIFIED DEGREE 7 max defect 1.3145398836464598e-27
HEARTBEAT CERTIFY_RECURSIONS_ABEl_AND_SUPERSOLUTIONS {"function": "verify_recursions", "n": 29795, "degree": 8}
VERIFIED DEGREE 8 max defect 1.4343636854594368e-27
RESULT PASS variance 0.018110106369602925 0.018131330042743247 ratio 0.999412958769374 1.0005871324100677 Es 0.874934907331143 J/S0 0.00040848429330336237
PHASE UNIFORM_MEAN_AND_EVENT_RISK
PHASE COMPLETE
{"case": "D2A_H300_SWITCH_THEN_STAY_S280_POINT_LAST_FAST_READ", "status": "VALID_UNIFORM_CERTIFICATE_TARGET_NOT_MET", "arithmetic_risk_target_status": "VALID_UNIFORM_CERTIFICATE_TARGET_NOT_MET", "failure": ["RISK_TARGET_NOT_MET"], "variance_lower": 0.018110106369602925, "variance_upper": 0.018131330042743247, "variance_ratio_upper": 1.0005871324100677, "mean_H0_upper": 0.043340135349931544, "mean_H1_lower": 0.1326134787360491, "dynamic_loss": 0.014584538809647215, "error_per_side": 0.03729869191553239, "gap": -0.40611350080328906, "power_lower": 0.0, "false_alarm_upper": 0.0009671226219373297, "event": 5.067372780749528e-11, "elapsed_wall_seconds": 205.4226775999996}
