PHASE DESIGN_AND_CONTRACT
PHASE GENERATE_DEGREE8_ADJOINT_WITNESS
HEARTBEAT GENERATE_DEGREE8_ADJOINT_WITNESS {"function": "proposal", "n": 0, "backward_fast_steps_generated": 75999}
PROPOSAL 76000 steps
PHASE CERTIFY_RECURSIONS_ABEl_AND_SUPERSOLUTIONS
VERIFIED DEGREE 0 max defect 2.4140296275555035e-16
VERIFIED DEGREE 1 max defect 2.6107584116637366e-18
VERIFIED DEGREE 2 max defect 1.6450147100228354e-20
HEARTBEAT CERTIFY_RECURSIONS_ABEl_AND_SUPERSOLUTIONS {"function": "verify_recursions", "n": 7012, "degree": 3}
VERIFIED DEGREE 3 max defect 3.3906452485652786e-22
VERIFIED DEGREE 4 max defect 3.9419946270289526e-24
HEARTBEAT CERTIFY_RECURSIONS_ABEl_AND_SUPERSOLUTIONS {"function": "verify_recursions", "n": 30384, "degree": 5}
VERIFIED DEGREE 5 max defect 5.921617202364146e-26
VERIFIED DEGREE 6 max defect 1.0086047289805953e-27
HEARTBEAT CERTIFY_RECURSIONS_ABEl_AND_SUPERSOLUTIONS {"function": "verify_recursions", "n": 26336, "degree": 7}
VERIFIED DEGREE 7 max defect 3.462242338978796e-29
VERIFIED DEGREE 8 max defect 3.7412488949252486e-29
HEARTBEAT CERTIFY_RECURSIONS_ABEl_AND_SUPERSOLUTIONS {"function": "<genexpr>"}
RESULT PASS variance 5.822203489438324e-07 5.853438272456691e-07 ratio 0.9973119922301739 1.0026994619956606 Es 0.1273719494072589 J/S0 0.000274832633435515
PHASE UNIFORM_MEAN_AND_EVENT_RISK
PHASE COMPLETE
{"case": "D2A_H300_SWITCH_THEN_STAY_S160_AVERAGE250", "status": "CERTIFIED_TARGET_PASS", "arithmetic_risk_target_status": "CERTIFIED_TARGET_PASS", "failure": [], "variance_lower": 5.822203489438324e-07, "variance_upper": 5.853438272456691e-07, "variance_ratio_upper": 1.0026994619956606, "mean_H0_upper": 0.017108504971335724, "mean_H1_lower": 0.05219276748500862, "dynamic_loss": 0.0009172083826243855, "error_per_side": 0.0012281693341091298, "gap": 0.030237056155065636, "power_lower": 0.999999999949656, "false_alarm_upper": 0.00096712262160754, "event": 5.034393802084999e-11, "elapsed_wall_seconds": 154.98159370000212}
