PHASE DESIGN_AND_CONTRACT
PHASE GENERATE_DEGREE8_ADJOINT_WITNESS
HEARTBEAT GENERATE_DEGREE8_ADJOINT_WITNESS {"function": "proposal", "n": 0, "backward_fast_steps_generated": 60999}
PROPOSAL 61000 steps
PHASE CERTIFY_RECURSIONS_ABEl_AND_SUPERSOLUTIONS
VERIFIED DEGREE 0 max defect 1.7557857234820598e-16
VERIFIED DEGREE 1 max defect 1.5374388329410027e-18
VERIFIED DEGREE 2 max defect 7.60174190026393e-21
HEARTBEAT CERTIFY_RECURSIONS_ABEl_AND_SUPERSOLUTIONS {"function": "verify_recursions", "n": 37340, "degree": 3}
VERIFIED DEGREE 3 max defect 1.3909623826943266e-22
VERIFIED DEGREE 4 max defect 2.4056222349259602e-24
HEARTBEAT CERTIFY_RECURSIONS_ABEl_AND_SUPERSOLUTIONS {"function": "verify_recursions", "n": 44404, "degree": 5}
VERIFIED DEGREE 5 max defect 4.469744944834866e-26
VERIFIED DEGREE 6 max defect 1.35233273530356e-27
HEARTBEAT CERTIFY_RECURSIONS_ABEl_AND_SUPERSOLUTIONS {"function": "verify_recursions", "n": 24349, "degree": 7}
VERIFIED DEGREE 7 max defect 2.3034629434190667e-29
HEARTBEAT CERTIFY_RECURSIONS_ABEl_AND_SUPERSOLUTIONS {"function": "verify_recursions", "n": 43879, "degree": 8}
VERIFIED DEGREE 8 max defect 2.4999229536902318e-29
RESULT PASS variance 5.468439539258112e-07 5.496383578000899e-07 ratio 0.997439985077558 1.0025721010663438 Es 0.12669094868712433 J/S0 0.00031840539119528717
PHASE UNIFORM_MEAN_AND_EVENT_RISK
PHASE COMPLETE
{"case": "D2A_H240_TERMINAL_BALANCED_AVERAGE250", "status": "CERTIFIED_TARGET_PASS", "arithmetic_risk_target_status": "CERTIFIED_TARGET_PASS", "failure": [], "variance_lower": 5.468439539258112e-07, "variance_upper": 5.496383578000899e-07, "variance_ratio_upper": 1.0025721010663438, "mean_H0_upper": 0.022613379128725918, "mean_H1_lower": 0.10311979947610217, "dynamic_loss": 0.0011774255694374655, "error_per_side": 0.0015766078951889295, "gap": 0.07503640458982568, "power_lower": 0.9999999999593298, "false_alarm_upper": 0.0009671226119338959, "event": 4.067029394609023e-11, "elapsed_wall_seconds": 161.61246100000062}
