PHASE DESIGN_AND_CONTRACT
PHASE GENERATE_DEGREE8_ADJOINT_WITNESS
HEARTBEAT GENERATE_DEGREE8_ADJOINT_WITNESS {"function": "proposal", "n": 0, "backward_fast_steps_generated": 75999}
PROPOSAL 76000 steps
PHASE CERTIFY_RECURSIONS_ABEl_AND_SUPERSOLUTIONS
VERIFIED DEGREE 0 max defect 3.2147964384166086e-15
VERIFIED DEGREE 1 max defect 2.829416665717153e-17
VERIFIED DEGREE 2 max defect 3.1105001577170924e-19
HEARTBEAT CERTIFY_RECURSIONS_ABEl_AND_SUPERSOLUTIONS {"function": "verify_recursions", "n": 37793, "degree": 3}
VERIFIED DEGREE 3 max defect 4.4024701322232875e-21
VERIFIED DEGREE 4 max defect 1.0831749937655069e-22
VERIFIED DEGREE 5 max defect 2.4252477840354337e-24
HEARTBEAT CERTIFY_RECURSIONS_ABEl_AND_SUPERSOLUTIONS {"function": "verify_recursions", "n": 29515, "degree": 6}
VERIFIED DEGREE 6 max defect 3.833454835647566e-26
VERIFIED DEGREE 7 max defect 2.1401358033232645e-27
HEARTBEAT CERTIFY_RECURSIONS_ABEl_AND_SUPERSOLUTIONS {"function": "verify_recursions", "n": 30548, "degree": 8}
VERIFIED DEGREE 8 max defect 2.346880594181661e-27
RESULT PASS variance 0.018110106457169647 0.018131330055138038 ratio 0.999412960827539 1.0005871303519165 Es 0.874939366703745 J/S0 0.0004084812868273911
PHASE UNIFORM_MEAN_AND_EVENT_RISK
PHASE COMPLETE
{"case": "D2A_H300_SWITCH_THEN_STAY_S140_POINT_LAST_FAST_READ", "status": "VALID_UNIFORM_CERTIFICATE_TARGET_NOT_MET", "arithmetic_risk_target_status": "VALID_UNIFORM_CERTIFICATE_TARGET_NOT_MET", "failure": ["RISK_TARGET_NOT_MET"], "variance_lower": 0.018110106457169647, "variance_upper": 0.018131330055138038, "variance_ratio_upper": 1.0005871303519165, "mean_H0_upper": 0.021871342515025597, "mean_H1_lower": 0.03272142509625081, "dynamic_loss": 0.008590340842206154, "error_per_side": 0.021969050972727517, "gap": -0.4538774798663999, "power_lower": 0.0, "false_alarm_upper": 0.00096712262160754, "event": 5.034393802084999e-11, "elapsed_wall_seconds": 129.39877699999852}
