PHASE DESIGN_AND_CONTRACT
PHASE GENERATE_DEGREE8_ADJOINT_WITNESS
PROPOSAL 51000 steps
PHASE CERTIFY_RECURSIONS_ABEl_AND_SUPERSOLUTIONS
VERIFIED DEGREE 0 max defect 3.8264706550456166e-15
VERIFIED DEGREE 1 max defect 1.8102292505155413e-17
HEARTBEAT CERTIFY_RECURSIONS_ABEl_AND_SUPERSOLUTIONS {"function": "verify_recursions", "n": 22839, "degree": 2}
VERIFIED DEGREE 2 max defect 2.7574499075282595e-19
VERIFIED DEGREE 3 max defect 5.142967871718976e-21
VERIFIED DEGREE 4 max defect 8.415086591132348e-23
VERIFIED DEGREE 5 max defect 1.842537248186504e-24
HEARTBEAT CERTIFY_RECURSIONS_ABEl_AND_SUPERSOLUTIONS {"function": "verify_recursions", "n": 18255, "degree": 6}
VERIFIED DEGREE 6 max defect 4.6459963380743314e-26
VERIFIED DEGREE 7 max defect 1.9718010643079173e-27
HEARTBEAT CERTIFY_RECURSIONS_ABEl_AND_SUPERSOLUTIONS {"function": "verify_recursions", "n": 34024, "degree": 8}
VERIFIED DEGREE 8 max defect 2.1653973853810127e-27
RESULT PASS variance 0.018110106386895638 0.018131330063368128 ratio 0.9994129586714443 1.0005871325081637 Es 0.87493659805627 J/S0 0.0004084840366575906
PHASE UNIFORM_MEAN_AND_EVENT_RISK
PHASE COMPLETE
{"case": "D2A_H200_FIXED40_POINT_LAST_FAST_READ", "status": "VALID_UNIFORM_CERTIFICATE_TARGET_NOT_MET", "arithmetic_risk_target_status": "VALID_UNIFORM_CERTIFICATE_TARGET_NOT_MET", "failure": ["RISK_TARGET_NOT_MET"], "variance_lower": 0.018110106386895638, "variance_upper": 0.018131330063368128, "variance_ratio_upper": 1.0005871325081637, "mean_H0_upper": 0.02698171893736878, "mean_H1_lower": 0.04461365046932556, "dynamic_loss": 0.00920444488176142, "error_per_side": 0.02356866678285965, "gap": -0.4502948626314341, "power_lower": 0.0, "false_alarm_upper": 0.0009671226049626327, "event": 3.369903073406201e-11, "elapsed_wall_seconds": 97.82301010000083}
