PHASE DESIGN_AND_CONTRACT
PHASE GENERATE_DEGREE8_ADJOINT_WITNESS
HEARTBEAT GENERATE_DEGREE8_ADJOINT_WITNESS {"function": "proposal", "n": 0, "backward_fast_steps_generated": 75999}
PROPOSAL 76000 steps
PHASE CERTIFY_RECURSIONS_ABEl_AND_SUPERSOLUTIONS
VERIFIED DEGREE 0 max defect 1.7299014141985531e-15
HEARTBEAT CERTIFY_RECURSIONS_ABEl_AND_SUPERSOLUTIONS {"function": "verify_recursions", "n": 36856, "degree": 1}
VERIFIED DEGREE 1 max defect 1.759700353533741e-17
VERIFIED DEGREE 2 max defect 1.694169182226035e-19
VERIFIED DEGREE 3 max defect 2.777137260893959e-21
HEARTBEAT CERTIFY_RECURSIONS_ABEl_AND_SUPERSOLUTIONS {"function": "verify_recursions", "n": 10933, "degree": 4}
VERIFIED DEGREE 4 max defect 6.717698136605188e-23
HEARTBEAT CERTIFY_RECURSIONS_ABEl_AND_SUPERSOLUTIONS {"function": "verify_recursions", "n": 49845, "degree": 5}
VERIFIED DEGREE 5 max defect 1.4191059559446957e-24
HEARTBEAT CERTIFY_RECURSIONS_ABEl_AND_SUPERSOLUTIONS {"function": "verify_recursions", "n": 71919, "degree": 6}
VERIFIED DEGREE 6 max defect 2.3135205058172012e-26
VERIFIED DEGREE 7 max defect 1.090644646285109e-27
HEARTBEAT CERTIFY_RECURSIONS_ABEl_AND_SUPERSOLUTIONS {"function": "verify_recursions", "n": 12963, "degree": 8}
VERIFIED DEGREE 8 max defect 1.196353351695986e-27
HEARTBEAT CERTIFY_RECURSIONS_ABEl_AND_SUPERSOLUTIONS {"function": "<genexpr>"}
RESULT PASS variance 0.018110106373907635 0.018131330049709193 ratio 0.9994129586941952 1.0005871324853044 Es 0.8749354097817476 J/S0 0.0004084842633959524
PHASE UNIFORM_MEAN_AND_EVENT_RISK
PHASE COMPLETE
{"case": "D2A_H300_TERMINAL_BALANCED_POINT_LAST_FAST_READ", "status": "VALID_UNIFORM_CERTIFICATE_TARGET_NOT_MET", "arithmetic_risk_target_status": "VALID_UNIFORM_CERTIFICATE_TARGET_NOT_MET", "failure": ["RISK_TARGET_NOT_MET"], "variance_lower": 0.018110106373907635, "variance_upper": 0.018131330049709193, "variance_ratio_upper": 1.0005871324853044, "mean_H0_upper": 0.0403264796192838, "mean_H1_lower": 0.13978184981567365, "dynamic_loss": 0.014504985585079243, "error_per_side": 0.03709524144974974, "gap": -0.3955245731422838, "power_lower": 0.0, "false_alarm_upper": 0.0009671226219373297, "event": 5.067372780749528e-11, "elapsed_wall_seconds": 213.8525738999997}
