PHASE DESIGN_AND_CONTRACT
PHASE GENERATE_DEGREE8_ADJOINT_WITNESS
HEARTBEAT GENERATE_DEGREE8_ADJOINT_WITNESS {"function": "proposal", "n": 0, "backward_fast_steps_generated": 75999}
PROPOSAL 76000 steps
PHASE CERTIFY_RECURSIONS_ABEl_AND_SUPERSOLUTIONS
VERIFIED DEGREE 0 max defect 3.556572877729659e-15
VERIFIED DEGREE 1 max defect 2.1527526761238335e-17
VERIFIED DEGREE 2 max defect 2.926843683931677e-19
HEARTBEAT CERTIFY_RECURSIONS_ABEl_AND_SUPERSOLUTIONS {"function": "verify_recursions", "n": 29503, "degree": 3}
VERIFIED DEGREE 3 max defect 4.408508071324565e-21
VERIFIED DEGREE 4 max defect 8.010616828105332e-23
HEARTBEAT CERTIFY_RECURSIONS_ABEl_AND_SUPERSOLUTIONS {"function": "verify_recursions", "n": 52935, "degree": 5}
VERIFIED DEGREE 5 max defect 1.3961740789330916e-24
VERIFIED DEGREE 6 max defect 3.612302049869224e-26
HEARTBEAT CERTIFY_RECURSIONS_ABEl_AND_SUPERSOLUTIONS {"function": "verify_recursions", "n": 47708, "degree": 7}
VERIFIED DEGREE 7 max defect 1.6580319310835945e-27
VERIFIED DEGREE 8 max defect 1.8150217426367036e-27
RESULT PASS variance 0.018110106385051564 0.018131330067613888 ratio 0.9994129585030233 1.0005871326766251 Es 0.8749367058764532 J/S0 0.0004084841833627092
PHASE UNIFORM_MEAN_AND_EVENT_RISK
PHASE COMPLETE
{"case": "D2A_H300_SWITCH_THEN_STAY_S200_POINT_LAST_FAST_READ", "status": "VALID_UNIFORM_CERTIFICATE_TARGET_NOT_MET", "arithmetic_risk_target_status": "VALID_UNIFORM_CERTIFICATE_TARGET_NOT_MET", "failure": ["RISK_TARGET_NOT_MET"], "variance_lower": 0.018110106385051564, "variance_upper": 0.018131330067613888, "variance_ratio_upper": 1.0005871326766251, "mean_H0_upper": 0.03129957588724622, "mean_H1_lower": 0.06961048523301702, "dynamic_loss": 0.011415443784537089, "error_per_side": 0.029194006499327022, "gap": -0.4408665642998223, "power_lower": 0.0, "false_alarm_upper": 0.0009671226217724349, "event": 5.050883291417263e-11, "elapsed_wall_seconds": 147.5227494000028}
