PHASE DESIGN_AND_CONTRACT
PHASE GENERATE_DEGREE8_ADJOINT_WITNESS
HEARTBEAT GENERATE_DEGREE8_ADJOINT_WITNESS {"function": "proposal", "n": 0, "backward_fast_steps_generated": 60999}
PROPOSAL 61000 steps
PHASE CERTIFY_RECURSIONS_ABEl_AND_SUPERSOLUTIONS
VERIFIED DEGREE 0 max defect 3.2147964384166086e-15
VERIFIED DEGREE 1 max defect 2.829416665717153e-17
VERIFIED DEGREE 2 max defect 3.1105001577170924e-19
VERIFIED DEGREE 3 max defect 4.4024701322232875e-21
HEARTBEAT CERTIFY_RECURSIONS_ABEl_AND_SUPERSOLUTIONS {"function": "verify_recursions", "n": 37433, "degree": 4}
VERIFIED DEGREE 4 max defect 1.0831749937655069e-22
VERIFIED DEGREE 5 max defect 2.4252477840354337e-24
VERIFIED DEGREE 6 max defect 3.833454835647566e-26
HEARTBEAT CERTIFY_RECURSIONS_ABEl_AND_SUPERSOLUTIONS {"function": "verify_recursions", "n": 26557, "degree": 7}
VERIFIED DEGREE 7 max defect 2.1401358033232645e-27
VERIFIED DEGREE 8 max defect 2.346880594181661e-27
RESULT PASS variance 0.018110106457170004 0.018131330055137677 ratio 0.9994129608275794 1.000587130351876 Es 0.8749393666072673 J/S0 0.0004084812868273911
PHASE UNIFORM_MEAN_AND_EVENT_RISK
PHASE COMPLETE
{"case": "D2A_H240_SWITCH_THEN_STAY_S140_POINT_LAST_FAST_READ", "status": "VALID_UNIFORM_CERTIFICATE_TARGET_NOT_MET", "arithmetic_risk_target_status": "VALID_UNIFORM_CERTIFICATE_TARGET_NOT_MET", "failure": ["RISK_TARGET_NOT_MET"], "variance_lower": 0.018110106457170004, "variance_upper": 0.018131330055137677, "variance_ratio_upper": 1.000587130351876, "mean_H0_upper": 0.021871342515025597, "mean_H1_lower": 0.03272142509625081, "dynamic_loss": 0.008590340842206154, "error_per_side": 0.021969050972727517, "gap": -0.45387747986639576, "power_lower": 0.0, "false_alarm_upper": 0.000967122611769001, "event": 4.050539905276759e-11, "elapsed_wall_seconds": 112.93485890000011}
