PHASE DESIGN_AND_CONTRACT
PHASE GENERATE_DEGREE8_ADJOINT_WITNESS
PROPOSAL 61000 steps
PHASE CERTIFY_RECURSIONS_ABEl_AND_SUPERSOLUTIONS
HEARTBEAT CERTIFY_RECURSIONS_ABEl_AND_SUPERSOLUTIONS {"function": "verify_recursions", "n": 28318, "degree": 0}
VERIFIED DEGREE 0 max defect 3.707559039614483e-16
VERIFIED DEGREE 1 max defect 2.227807415458602e-18
VERIFIED DEGREE 2 max defect 1.5488731000652514e-20
VERIFIED DEGREE 3 max defect 2.1149644544577327e-22
VERIFIED DEGREE 4 max defect 3.0152348762372904e-24
HEARTBEAT CERTIFY_RECURSIONS_ABEl_AND_SUPERSOLUTIONS {"function": "verify_recursions", "n": 27586, "degree": 5}
VERIFIED DEGREE 5 max defect 7.154840515492937e-26
VERIFIED DEGREE 6 max defect 1.4985308839227966e-27
VERIFIED DEGREE 7 max defect 3.832571915331762e-29
HEARTBEAT CERTIFY_RECURSIONS_ABEl_AND_SUPERSOLUTIONS {"function": "verify_recursions", "n": 17646, "degree": 8}
VERIFIED DEGREE 8 max defect 4.165772321396533e-29
RESULT PASS variance 6.18364450960573e-07 6.218052900229597e-07 ratio 0.997211716562431 1.002799222393959 Es 0.12800875736102849 J/S0 0.0002652753667928825
PHASE UNIFORM_MEAN_AND_EVENT_RISK
PHASE COMPLETE
{"case": "D2A_H240_SWITCH_THEN_STAY_S140_AVERAGE250", "status": "CERTIFIED_TARGET_PASS", "arithmetic_risk_target_status": "CERTIFIED_TARGET_PASS", "failure": [], "variance_lower": 6.18364450960573e-07, "variance_upper": 6.218052900229597e-07, "variance_ratio_upper": 1.002799222393959, "mean_H0_upper": 0.01404247868501768, "mean_H1_lower": 0.040213576015628284, "dynamic_loss": 0.0008093406064922533, "error_per_side": 0.0010837311701174617, "gap": 0.02153942775773869, "power_lower": 0.9999999999594946, "false_alarm_upper": 0.000967122611769001, "event": 4.050539905276759e-11, "elapsed_wall_seconds": 103.18893399999797}
