PHASE DESIGN_AND_CONTRACT
PHASE GENERATE_DEGREE8_ADJOINT_WITNESS
PROPOSAL 51000 steps
PHASE CERTIFY_RECURSIONS_ABEl_AND_SUPERSOLUTIONS
VERIFIED DEGREE 0 max defect 2.8251564968186403e-16
VERIFIED DEGREE 1 max defect 2.3795047297495626e-18
HEARTBEAT CERTIFY_RECURSIONS_ABEl_AND_SUPERSOLUTIONS {"function": "verify_recursions", "n": 23001, "degree": 2}
VERIFIED DEGREE 2 max defect 1.6593911237263175e-20
VERIFIED DEGREE 3 max defect 2.477521466717237e-22
VERIFIED DEGREE 4 max defect 3.7932226119095506e-24
VERIFIED DEGREE 5 max defect 7.836072332316217e-26
HEARTBEAT CERTIFY_RECURSIONS_ABEl_AND_SUPERSOLUTIONS {"function": "verify_recursions", "n": 17900, "degree": 6}
VERIFIED DEGREE 6 max defect 1.2161951183442057e-27
VERIFIED DEGREE 7 max defect 3.514903979977076e-29
HEARTBEAT CERTIFY_RECURSIONS_ABEl_AND_SUPERSOLUTIONS {"function": "verify_recursions", "n": 34392, "degree": 8}
VERIFIED DEGREE 8 max defect 3.8461462618425555e-29
RESULT PASS variance 5.548934069638083e-07 5.577525844868387e-07 ratio 0.9974184129134492 1.0025934190521544 Es 0.1268517110380388 J/S0 0.0002655776102561199
PHASE UNIFORM_MEAN_AND_EVENT_RISK
PHASE COMPLETE
{"case": "D2A_H200_FIXED40_AVERAGE250", "status": "CERTIFIED_TARGET_PASS", "arithmetic_risk_target_status": "CERTIFIED_TARGET_PASS", "failure": [], "variance_lower": 5.548934069638083e-07, "variance_upper": 5.577525844868387e-07, "variance_ratio_upper": 1.0025934190521544, "mean_H0_upper": 0.018542762086244398, "mean_H1_lower": 0.05259233832947095, "dynamic_loss": 0.000866564556119802, "error_per_side": 0.0011616463571803564, "gap": 0.02939244493485826, "power_lower": 0.999999999966301, "false_alarm_upper": 0.0009671226049626327, "event": 3.369903073406201e-11, "elapsed_wall_seconds": 98.66197780000039}
