PHASE DESIGN_AND_CONTRACT
PHASE GENERATE_DEGREE8_ADJOINT_WITNESS
HEARTBEAT GENERATE_DEGREE8_ADJOINT_WITNESS {"function": "proposal", "n": 0, "backward_fast_steps_generated": 75999}
PROPOSAL 76000 steps
PHASE CERTIFY_RECURSIONS_ABEl_AND_SUPERSOLUTIONS
VERIFIED DEGREE 0 max defect 1.83077378988283e-16
VERIFIED DEGREE 1 max defect 1.7502512068322137e-18
HEARTBEAT CERTIFY_RECURSIONS_ABEl_AND_SUPERSOLUTIONS {"function": "verify_recursions", "n": 39364, "degree": 2}
VERIFIED DEGREE 2 max defect 9.60829740097366e-21
VERIFIED DEGREE 3 max defect 1.3566162107614278e-22
HEARTBEAT CERTIFY_RECURSIONS_ABEl_AND_SUPERSOLUTIONS {"function": "verify_recursions", "n": 54657, "degree": 4}
VERIFIED DEGREE 4 max defect 2.003670035377391e-24
VERIFIED DEGREE 5 max defect 5.086085034605262e-26
HEARTBEAT CERTIFY_RECURSIONS_ABEl_AND_SUPERSOLUTIONS {"function": "verify_recursions", "n": 31705, "degree": 6}
VERIFIED DEGREE 6 max defect 1.2354348168739247e-27
HEARTBEAT CERTIFY_RECURSIONS_ABEl_AND_SUPERSOLUTIONS {"function": "verify_recursions", "n": 50689, "degree": 7}
VERIFIED DEGREE 7 max defect 2.5866800619877165e-29
HEARTBEAT CERTIFY_RECURSIONS_ABEl_AND_SUPERSOLUTIONS {"function": "verify_recursions", "n": 60377, "degree": 8}
VERIFIED DEGREE 8 max defect 2.8200774696430175e-29
RESULT PASS variance 5.232704149622349e-07 5.258125327602725e-07 ratio 0.9975663562903063 1.0024460788731695 Es 0.12619495925967192 J/S0 0.00030925625999442865
PHASE UNIFORM_MEAN_AND_EVENT_RISK
PHASE COMPLETE
{"case": "D2A_H300_SWITCH_THEN_STAY_S240_AVERAGE250", "status": "CERTIFIED_TARGET_PASS", "arithmetic_risk_target_status": "CERTIFIED_TARGET_PASS", "failure": [], "variance_lower": 5.232704149622349e-07, "variance_upper": 5.258125327602725e-07, "variance_ratio_upper": 1.0024460788731695, "mean_H0_upper": 0.02714110887426476, "mean_H1_lower": 0.11120086223322066, "dynamic_loss": 0.0012529158901167167, "error_per_side": 0.001677691682294143, "gap": 0.07843834086497915, "power_lower": 0.9999999999494912, "false_alarm_upper": 0.0009671226217724349, "event": 5.050883291417263e-11, "elapsed_wall_seconds": 188.6486330000007}
