PHASE DESIGN_AND_CONTRACT
PHASE GENERATE_DEGREE8_ADJOINT_WITNESS
PROPOSAL 76000 steps
PHASE CERTIFY_RECURSIONS_ABEl_AND_SUPERSOLUTIONS
HEARTBEAT CERTIFY_RECURSIONS_ABEl_AND_SUPERSOLUTIONS {"function": "certify"}
VERIFIED DEGREE 0 max defect 3.055992356293332e-16
VERIFIED DEGREE 1 max defect 2.719085759883774e-18
VERIFIED DEGREE 2 max defect 2.1629032649497323e-20
VERIFIED DEGREE 3 max defect 2.777250738791806e-22
VERIFIED DEGREE 4 max defect 5.0755390814545356e-24
HEARTBEAT CERTIFY_RECURSIONS_ABEl_AND_SUPERSOLUTIONS {"function": "verify_recursions", "n": 14572, "degree": 5}
VERIFIED DEGREE 5 max defect 7.628748086633093e-26
VERIFIED DEGREE 6 max defect 1.2945631575885327e-27
HEARTBEAT CERTIFY_RECURSIONS_ABEl_AND_SUPERSOLUTIONS {"function": "verify_recursions", "n": 29642, "degree": 7}
VERIFIED DEGREE 7 max defect 4.496853165886078e-29
VERIFIED DEGREE 8 max defect 4.8697967948199077e-29
RESULT PASS variance 6.55812264349547e-07 6.595568841386251e-07 ratio 0.9971385777298235 1.0028718653009774 Es 0.1286204559504437 J/S0 0.0002534111298991912
PHASE UNIFORM_MEAN_AND_EVENT_RISK
PHASE COMPLETE
{"case": "D2A_H300_SWITCH_THEN_STAY_S120_AVERAGE250", "status": "CERTIFIED_TARGET_PASS", "arithmetic_risk_target_status": "CERTIFIED_TARGET_PASS", "failure": [], "variance_lower": 6.55812264349547e-07, "variance_upper": 6.595568841386251e-07, "variance_ratio_upper": 1.0028718653009774, "mean_H0_upper": 0.01164165445925934, "mean_H1_lower": 0.02713935228098074, "dynamic_loss": 0.0006740952726772361, "error_per_side": 0.0009026336412247505, "gap": 0.011154520927669023, "power_lower": 0.9999999999498209, "false_alarm_upper": 0.0009671226214426451, "event": 5.017904312752734e-11, "elapsed_wall_seconds": 111.20573129999684}
