PHASE DESIGN_AND_CONTRACT
PHASE GENERATE_DEGREE8_ADJOINT_WITNESS
HEARTBEAT GENERATE_DEGREE8_ADJOINT_WITNESS {"function": "proposal", "n": 0, "backward_fast_steps_generated": 75999}
PROPOSAL 76000 steps
PHASE CERTIFY_RECURSIONS_ABEl_AND_SUPERSOLUTIONS
VERIFIED DEGREE 0 max defect 1.66023204655178e-16
VERIFIED DEGREE 1 max defect 2.229276948438471e-18
HEARTBEAT CERTIFY_RECURSIONS_ABEl_AND_SUPERSOLUTIONS {"function": "verify_recursions", "n": 20408, "degree": 2}
VERIFIED DEGREE 2 max defect 9.867001441977225e-21
VERIFIED DEGREE 3 max defect 1.2916782777548242e-22
HEARTBEAT CERTIFY_RECURSIONS_ABEl_AND_SUPERSOLUTIONS {"function": "verify_recursions", "n": 42861, "degree": 4}
VERIFIED DEGREE 4 max defect 2.7467147044279964e-24
VERIFIED DEGREE 5 max defect 5.672186068720009e-26
HEARTBEAT CERTIFY_RECURSIONS_ABEl_AND_SUPERSOLUTIONS {"function": "verify_recursions", "n": 16163, "degree": 6}
VERIFIED DEGREE 6 max defect 8.111577385279812e-28
HEARTBEAT CERTIFY_RECURSIONS_ABEl_AND_SUPERSOLUTIONS {"function": "verify_recursions", "n": 38928, "degree": 7}
VERIFIED DEGREE 7 max defect 2.480075962970358e-29
HEARTBEAT CERTIFY_RECURSIONS_ABEl_AND_SUPERSOLUTIONS {"function": "verify_recursions", "n": 49454, "degree": 8}
VERIFIED DEGREE 8 max defect 2.701222372775855e-29
RESULT PASS variance 5.25225515092549e-07 5.277919273965467e-07 ratio 0.997552257263658 1.0024601729097988 Es 0.12623768074439723 J/S0 0.0003204943759270689
PHASE UNIFORM_MEAN_AND_EVENT_RISK
PHASE COMPLETE
{"case": "D2A_H300_SWITCH_THEN_STAY_S260_AVERAGE250", "status": "CERTIFIED_TARGET_PASS", "arithmetic_risk_target_status": "CERTIFIED_TARGET_PASS", "failure": [], "variance_lower": 5.25225515092549e-07, "variance_upper": 5.277919273965467e-07, "variance_ratio_upper": 1.0024601729097988, "mean_H0_upper": 0.027888650936766183, "mean_H1_lower": 0.12791554373732253, "dynamic_loss": 0.0013071273855256246, "error_per_side": 0.0017502824887877693, "gap": 0.09425603752414634, "power_lower": 0.9999999999493263, "false_alarm_upper": 0.0009671226219373297, "event": 5.067372780749528e-11, "elapsed_wall_seconds": 195.9574982999984}
