PHASE DESIGN_AND_CONTRACT
PHASE GENERATE_DEGREE8_ADJOINT_WITNESS
PROPOSAL 51000 steps
PHASE CERTIFY_RECURSIONS_ABEl_AND_SUPERSOLUTIONS
HEARTBEAT CERTIFY_RECURSIONS_ABEl_AND_SUPERSOLUTIONS {"function": "certify"}
VERIFIED DEGREE 0 max defect 3.3090546942831415e-15
VERIFIED DEGREE 1 max defect 2.2011513633474777e-17
VERIFIED DEGREE 2 max defect 2.6228616037117096e-19
VERIFIED DEGREE 3 max defect 5.190032971746978e-21
HEARTBEAT CERTIFY_RECURSIONS_ABEl_AND_SUPERSOLUTIONS {"function": "verify_recursions", "n": 34725, "degree": 4}
VERIFIED DEGREE 4 max defect 8.203750338209918e-23
VERIFIED DEGREE 5 max defect 1.8208943724165693e-24
HEARTBEAT CERTIFY_RECURSIONS_ABEl_AND_SUPERSOLUTIONS {"function": "verify_recursions", "n": 45629, "degree": 6}
VERIFIED DEGREE 6 max defect 4.2718601352439406e-26
VERIFIED DEGREE 7 max defect 1.752307262922901e-27
HEARTBEAT CERTIFY_RECURSIONS_ABEl_AND_SUPERSOLUTIONS {"function": "verify_recursions", "n": 36118, "degree": 8}
VERIFIED DEGREE 8 max defect 1.917434177590263e-27
RESULT PASS variance 0.0181101063846144 0.018131330066683094 ratio 0.9994129585168714 1.0005871326627689 Es 0.87493664459677 J/S0 0.00040848418231942624
PHASE UNIFORM_MEAN_AND_EVENT_RISK
PHASE COMPLETE
{"case": "D2A_H200_SWITCH_THEN_STAY_S180_POINT_LAST_FAST_READ", "status": "VALID_UNIFORM_CERTIFICATE_TARGET_NOT_MET", "arithmetic_risk_target_status": "VALID_UNIFORM_CERTIFICATE_TARGET_NOT_MET", "failure": ["RISK_TARGET_NOT_MET"], "variance_lower": 0.0181101063846144, "variance_upper": 0.018131330066683094, "variance_ratio_upper": 1.0005871326627689, "mean_H0_upper": 0.03021862546041035, "mean_H1_lower": 0.055771252791817015, "dynamic_loss": 0.010746781009197074, "error_per_side": 0.027483959498300504, "gap": -0.45020475230133256, "power_lower": 0.0, "false_alarm_upper": 0.0009671226052099751, "event": 3.394637307404598e-11, "elapsed_wall_seconds": 129.62156420000247}
