PHASE DESIGN_AND_CONTRACT
PHASE GENERATE_DEGREE8_ADJOINT_WITNESS
HEARTBEAT GENERATE_DEGREE8_ADJOINT_WITNESS {"function": "proposal", "n": 0, "backward_fast_steps_generated": 60999}
PROPOSAL 61000 steps
PHASE CERTIFY_RECURSIONS_ABEl_AND_SUPERSOLUTIONS
VERIFIED DEGREE 0 max defect 1.9409496947640768e-16
VERIFIED DEGREE 1 max defect 2.1563991070864142e-18
VERIFIED DEGREE 2 max defect 7.919151594976635e-21
HEARTBEAT CERTIFY_RECURSIONS_ABEl_AND_SUPERSOLUTIONS {"function": "verify_recursions", "n": 42825, "degree": 3}
VERIFIED DEGREE 3 max defect 1.3163234366680215e-22
VERIFIED DEGREE 4 max defect 3.0516642037225665e-24
HEARTBEAT CERTIFY_RECURSIONS_ABEl_AND_SUPERSOLUTIONS {"function": "verify_recursions", "n": 58429, "degree": 5}
VERIFIED DEGREE 5 max defect 4.5681433732390197e-26
VERIFIED DEGREE 6 max defect 7.501893280458873e-28
HEARTBEAT CERTIFY_RECURSIONS_ABEl_AND_SUPERSOLUTIONS {"function": "verify_recursions", "n": 41873, "degree": 7}
VERIFIED DEGREE 7 max defect 2.5323075703130226e-29
VERIFIED DEGREE 8 max defect 2.7669768669041856e-29
HEARTBEAT CERTIFY_RECURSIONS_ABEl_AND_SUPERSOLUTIONS {"function": "<genexpr>"}
RESULT PASS variance 5.424517646605463e-07 5.451978836557007e-07 ratio 0.997463849484532 1.002548278042885 Es 0.1266014135106398 J/S0 0.00030773413480547363
PHASE UNIFORM_MEAN_AND_EVENT_RISK
PHASE COMPLETE
{"case": "D2A_H240_FIXED20_AVERAGE250", "status": "CERTIFIED_TARGET_PASS", "arithmetic_risk_target_status": "CERTIFIED_TARGET_PASS", "failure": [], "variance_lower": 5.424517646605463e-07, "variance_upper": 5.451978836557007e-07, "variance_ratio_upper": 1.002548278042885, "mean_H0_upper": 0.0224754638475535, "mean_H1_lower": 0.10183249045427935, "dynamic_loss": 0.0011663569847926356, "error_per_side": 0.0015617867307836557, "gap": 0.07392603075587321, "power_lower": 0.9999999999594121, "false_alarm_upper": 0.0009671226118514485, "event": 4.058784649942891e-11, "elapsed_wall_seconds": 152.56610300000102}
