PHASE DESIGN_AND_CONTRACT
PHASE GENERATE_DEGREE8_ADJOINT_WITNESS
HEARTBEAT GENERATE_DEGREE8_ADJOINT_WITNESS {"function": "proposal", "n": 0, "backward_fast_steps_generated": 75999}
PROPOSAL 76000 steps
PHASE CERTIFY_RECURSIONS_ABEl_AND_SUPERSOLUTIONS
VERIFIED DEGREE 0 max defect 2.786164979152975e-15
VERIFIED DEGREE 1 max defect 1.9188590362778905e-17
VERIFIED DEGREE 2 max defect 2.592690487425859e-19
HEARTBEAT CERTIFY_RECURSIONS_ABEl_AND_SUPERSOLUTIONS {"function": "verify_recursions", "n": 15318, "degree": 3}
VERIFIED DEGREE 3 max defect 4.8054205305047756e-21
VERIFIED DEGREE 4 max defect 6.81453210037988e-23
HEARTBEAT CERTIFY_RECURSIONS_ABEl_AND_SUPERSOLUTIONS {"function": "verify_recursions", "n": 30895, "degree": 5}
VERIFIED DEGREE 5 max defect 1.4390093727196373e-24
VERIFIED DEGREE 6 max defect 6.027044916242132e-26
HEARTBEAT CERTIFY_RECURSIONS_ABEl_AND_SUPERSOLUTIONS {"function": "verify_recursions", "n": 11371, "degree": 7}
VERIFIED DEGREE 7 max defect 1.5538726298958975e-27
HEARTBEAT CERTIFY_RECURSIONS_ABEl_AND_SUPERSOLUTIONS {"function": "verify_recursions", "n": 33750, "degree": 8}
VERIFIED DEGREE 8 max defect 1.7049300195434528e-27
RESULT PASS variance 0.01811010637855375 0.018131330057223675 ratio 0.9994129586130964 1.0005871325664657 Es 0.8749359524864334 J/S0 0.00040848423092406435
PHASE UNIFORM_MEAN_AND_EVENT_RISK
PHASE COMPLETE
{"case": "D2A_H300_SWITCH_THEN_STAY_S220_POINT_LAST_FAST_READ", "status": "VALID_UNIFORM_CERTIFICATE_TARGET_NOT_MET", "arithmetic_risk_target_status": "VALID_UNIFORM_CERTIFICATE_TARGET_NOT_MET", "failure": ["RISK_TARGET_NOT_MET"], "variance_lower": 0.01811010637855375, "variance_upper": 0.018131330057223675, "variance_ratio_upper": 1.0005871325664657, "mean_H0_upper": 0.03496230510572684, "mean_H1_lower": 0.08412321559366105, "dynamic_loss": 0.012339586456765108, "error_per_side": 0.03155742115832394, "gap": -0.4347433923550854, "power_lower": 0.0, "false_alarm_upper": 0.0009671226217724349, "event": 5.050883291417263e-11, "elapsed_wall_seconds": 166.8179053999993}
